[www.serefconcept.com/en/index.html]
[www.serefconcept.com/theme/css/plugins.css]
[cdn.jsdelivr.net/gh/fancyapps/fancybox@3.5.7/dist/jquery.fancybox.min.css]
[www.serefconcept.com/theme/css/style3860.css]
[www.serefconcept.com/theme/css/customa9f2.css]
[kit.fontawesome.com/f15502a948.js]
[backblue.gif]
[fade.gif]
[index.html]
[connect.facebook.net/en_US/fbevents.js]
[www.serefconcept.com/img/company/icon/icon_logo-b.png]
[www.serefconcept.com/img/company/logo/seref.png]
[www.serefconcept.com/en/page/Corporate.html]
[www.serefconcept.com/en/page/vision.html]
[www.serefconcept.com/en/page/human-resources.html]
[www.serefconcept.com/en/page/design.html]
[www.serefconcept.com/en/category/classic-sofa-set.html]
[www.serefconcept.com/en/category/classic-dining-room.html]
[www.serefconcept.com/en/category/classic-bedroom.html]
[www.serefconcept.com/en/category/classic-tv-unit.html]
[www.serefconcept.com/en/category/classic-console.html]
[www.serefconcept.com/en/category/classic-table--accessories.html]
[www.serefconcept.com/en/category/classic-office-furniture.html]
[www.serefconcept.com/en/collections.html]
[www.serefconcept.com/en/collection_detail/1.html]
[www.serefconcept.com/en/collection_detail/2.html]
[www.serefconcept.com/en/collection_detail/3.html]
[www.serefconcept.com/en/collection_detail/4.html]
[www.serefconcept.com/en/collection_detail/5.html]
[www.serefconcept.com/en/collection_detail/6.html]
[www.serefconcept.com/en/collection_detail/7.html]
[www.serefconcept.com/en/collection_detail/8.html]
[www.serefconcept.com/en/collection_detail/9.html]
[www.serefconcept.com/en/collection_detail/10.html]
[www.serefconcept.com/en/collection_detail/11.html]
[www.serefconcept.com/en/collection_detail/12.html]
[www.serefconcept.com/en/collection_detail/13.html]
[www.serefconcept.com/en/collection_detail/14.html]
[www.serefconcept.com/en/collection_detail/15.html]
[www.serefconcept.com/en/collection_detail/16.html]
[www.serefconcept.com/en/collection_detail/17.html]
[www.serefconcept.com/en/collection_detail/18.html]
[www.serefconcept.com/en/collection_detail/19.html]
[www.serefconcept.com/en/collection_detail/20.html]
[www.serefconcept.com/en/collection_detail/21.html]
[www.serefconcept.com/en/collection_detail/22.html]
[www.serefconcept.com/en/collection_detail/23.html]
[www.serefconcept.com/en/videolar]
[www.serefconcept.com/en/blogs.html]
[www.serefconcept.com/en/contact.html]
[www.serefconcept.com/en/contact/3.html]
[www.serefconcept.com/en/contact/4.html]
[www.serefconcept.com/en/product/ahenk-classic-sofa-set.html]
[www.serefconcept.com/en/product/hanzade-blue-classic-dining-room-set.html]
[www.serefconcept.com/en/product/elegance-classic-tv-unit.html]
[www.serefconcept.com/en/product/lagos-classic-coffee-table.html]
[www.serefconcept.com/en/product/hanzade-classic-bedroom-set.html]
[www.serefconcept.com/en/product/hanzade-classic-console.html]
[www.serefconcept.com/img/content/s/Lagos-seref-concept-klasik-mobilya-classic-furniture16.jpg]
[www.serefconcept.com/img/content/s/Nazende-seref-concept-klasik-mobilya-classic-furniture10.jpg]
[www.serefconcept.com/en/blog/timeless,-stylish-trends-in-your-dining-rooms.html]
[www.serefconcept.com/img/content/s/IMGL5673.jpg]
[www.serefconcept.com/en/blog/the-place-of-furniture-in-life!.html]
[www.serefconcept.com/en/project/hanzade-blue-classic-sofa-set.html]
[www.serefconcept.com/en/project/lagos-classic-tv-unit.html]
[www.serefconcept.com/en/project/lyon-classic-coffee-table.html]
[www.serefconcept.com/en/project/hanzade-classic-sofa-set.html]
[www.serefconcept.com/img/company/logo/şeref-concept.png]
[www.serefconcept.com/en/page/clarification-text-regarding-the-processing-of-personal-data.html]
[www.serefconcept.com/cdn-cgi/scripts/5c5dd728/cloudflare-static/email-decode.min.js]
[www.serefconcept.com/theme/js/jquery-3.0.0.min.js]
[www.serefconcept.com/theme/js/jquery-migrate-3.0.0.min.js]
[www.serefconcept.com/theme/js/plugins.js]
[unpkg.com/masonry-layout@4/dist/masonry.pkgd.min.48.delayed]
[unpkg.com/masonry-layout@4.2.2/dist/masonry.pkgd.min.js]
[cdn.jsdelivr.net/gh/fancyapps/fancybox@3.5.7/dist/jquery.fancybox.min.js]
[www.serefconcept.com/theme/js/scripts.js]
[www.serefconcept.com/en/index.html]
[www.serefconcept.com/theme/css/bootstrap.min.css]
[www.serefconcept.com/theme/css/animate.css]
[www.serefconcept.com/theme/css/ionicons.min.css]
[www.serefconcept.com/theme/css/pe-icon-7-stroke.css]
[www.serefconcept.com/theme/css/flaticon.css]
[www.serefconcept.com/theme/css/fontawesome-all.min.css]
[www.serefconcept.com/theme/css/justifiedgallery.min.css]
[www.serefconcept.com/theme/css/youtubepopup.css]
[www.serefconcept.com/theme/css/slick.css]
[www.serefconcept.com/theme/css/slick-theme.css]
[www.serefconcept.com/theme/css/swiper.min.css]
[www.serefconcept.com/theme/css/plugins.css]
[cdn.jsdelivr.net/gh/fancyapps/fancybox@3.5.7/dist/jquery.fancybox.min.css]
[www.serefconcept.com/theme/png/line-pattern1.png]
[www.serefconcept.com/theme/jpg/exp.jpg]
[www.serefconcept.com/theme/css/style3860.css]
[www.serefconcept.com/theme/css/customa9f2.css]
[www.googletagmanager.com/gtm5445.html]
[www.serefconcept.com/en/a]
[www.serefconcept.com/en/POST]
[www.serefconcept.com/en/b.resolvedLink]
[www.serefconcept.com/en/schema.org/index.html]
[www.serefconcept.com/signals/iwl.js]
[connect.facebook.net/en_US/fbevents.js]
[www.serefconcept.com/img/content/b/şeref-concept.jpg]
[www.serefconcept.com/img/module/Lebanon.jpg]
[www.serefconcept.com/img/module/Rusya.jpg]
[www.serefconcept.com/img/module/cin.jpg]
[www.serefconcept.com/img/module/Kuweyt.jpg]
[www.serefconcept.com/img/module/Qatar.jpg]
[www.serefconcept.com/img/module/germany.jpg]
[www.serefconcept.com/img/module/United-Arab-Emirates.jpg]
[www.serefconcept.com/img/module/ingiltere.jpg]
[www.serefconcept.com/img/module/kambocya.jpg]
[www.serefconcept.com/img/module/romanya.jpg]
[www.serefconcept.com/img/module/Nijer.png]
[www.serefconcept.com/img/module/gana.jpg]
[www.serefconcept.com/img/module/Ermenistan.jpg]
[www.serefconcept.com/img/module/cecenistan.jpg]
[www.serefconcept.com/img/module/Dağıstan.jpg]
[www.serefconcept.com/img/module/azerbaycan.jpg]
[www.serefconcept.com/img/module/amerika.jpg]
[www.serefconcept.com/img/module/nijeria.jpg]
[www.serefconcept.com/img/module/ırak3.jpg]
[www.serefconcept.com/en/page/Corporate.html]
[www.serefconcept.com/img/content/b/seref1.jpg]
[www.serefconcept.com/en/page/vision.html]
[www.serefconcept.com/img/content/b/seref1_2.jpg]
[www.serefconcept.com/en/page/human-resources.html]
[www.serefconcept.com/img/content/b/seref-concept.jpg]
[www.serefconcept.com/en/page/design.html]
[www.serefconcept.com/img/product/s/Nazende-seref-concept-klasik-mobilya-classic-furniture16.jpg]
[www.serefconcept.com/en/product/hanzade-brown-classic-sofa-set.html]
[www.serefconcept.com/img/product/s/WhatsApp-Image-2022-03-16-at-14.57.54.jpg]
[www.serefconcept.com/img/product/s/Nakış-seref-concept-klasik-mobilya-classic-furniture.jpg]
[www.serefconcept.com/en/product/nakis-classic-sofa-set.html]
[www.serefconcept.com/img/product/s/Classic-Furniture-Klasik-mobilya40.jpg]
[www.serefconcept.com/img/product/s/elegance-classic-furniture-klasik-mobilya16.jpg]
[www.serefconcept.com/img/product/s/hanzade-seref-concept-klasik-mobilya-classic-furniture15.jpg]
[www.serefconcept.com/en/product/hanzade-blue-classic-sofa-set.html]
[www.serefconcept.com/img/product/s/Lagos-seref-concept-klasik-mobilya-classic-furniture.jpg]
[www.serefconcept.com/en/product/lagos-classic-sofa-set.html]
[www.serefconcept.com/img/product/s/Lyon-seref-concept-klasik-mobilya-classikc-furniture.jpg]
[www.serefconcept.com/en/product/lyon-classic-sofa-set.html]
[www.serefconcept.com/img/product/s/Nazende-seref-concept-klasik-mobilya-classic-furniture10_1.jpg]
[www.serefconcept.com/en/product/hanzade-classic-sofa-set.html]
[www.serefconcept.com/img/product/s/Payidar-seref-concept-klasik-mobilya-classic-furniture22.jpg]
[www.serefconcept.com/en/product/payidar-classic-sofa-set.html]
[www.serefconcept.com/img/product/s/IMGL0400.jpg]
[www.serefconcept.com/en/product/craft-green-classic-sofa-set.html]
[www.serefconcept.com/img/product/s/IMGL1159.jpg]
[www.serefconcept.com/en/product/craft-cream-classic-sofa-set.html]
[www.serefconcept.com/img/product/s/IMGL2952.jpg]
[www.serefconcept.com/en/product/emirgan-classic-sofa-set.html]
[www.serefconcept.com/img/product/s/IMGL0290.jpg]
[www.serefconcept.com/en/product/hunkar-classic-gold-and-brown-sofa-set.html]
[www.serefconcept.com/img/product/s/IMGL1068.jpg]
[www.serefconcept.com/en/product/hunkar-classic-light-brown-sofa-set.html]
[www.serefconcept.com/img/product/s/IMGL0978.jpg]
[www.serefconcept.com/en/product/monaco-cream-brown-classic-sofa-set.html]
[www.serefconcept.com/img/product/s/IMGL2773.jpg]
[www.serefconcept.com/en/product/monaco-dark-classic-sofa-set.html]
[www.serefconcept.com/img/product/s/IMGL0496.jpg]
[www.serefconcept.com/img/product/s/IMGL2897.jpg]
[www.serefconcept.com/en/product/monaco-classic-light-color-sofa-set.html]
[www.serefconcept.com/img/product/s/WhatsApp-Image-2020-01-29-at-10.18.13-1.jpg]
[www.serefconcept.com/en/product/cavalli-classic-sofa-set.html]
[www.serefconcept.com/img/product/s/WhatsApp-Image-2020-01-29-at-10.18.16.jpg]
[www.serefconcept.com/en/product/cavalli-classic-sofa-set-2.html]
[www.serefconcept.com/img/product/s/KIRP2_2.jpg]
[www.serefconcept.com/en/product/defne-classic-sofa-set-1.html]
[www.serefconcept.com/img/product/s/ravello-1.jpg]
[www.serefconcept.com/en/product/ravello-classic-sofa-set.html]
[www.serefconcept.com/img/product/s/milano-1.jpg]
[www.serefconcept.com/en/product/milano-classic-sofa-set.html]
[www.serefconcept.com/img/product/s/milano-2.jpg]
[www.serefconcept.com/en/product/milano-classic-sofa-set-2-1.html]
[www.serefconcept.com/img/product/s/WhatsApp-Image-2022-04-18-at-14.41.10.jpg]
[www.serefconcept.com/en/product/roma-classic-sofa-set.html]
[www.serefconcept.com/img/product/s/WhatsApp-Image-2022-04-18-at-15.03.33-1.jpg]
[www.serefconcept.com/en/product/roma-classic-sofa-set-2.html]
[www.serefconcept.com/img/product/s/WhatsApp-Image-2022-04-18-at-18.31.38-11.jpg]
[www.serefconcept.com/en/product/sarina-classic-sofa-set.html]
[www.serefconcept.com/img/product/s/WhatsApp-Image-2022-04-18-at-18.34.49-5.jpg]
[www.serefconcept.com/img/product/s/şeref-2.jpg]
[www.serefconcept.com/en/product/seref-classic-sofa-set.html]
[www.serefconcept.com/img/product/s/şeref-koltuk.jpg]
[www.serefconcept.com/en/product/seref-classic-sofa-set-2.html]
[www.serefconcept.com/img/product/s/WhatsApp-Image-2020-01-29-at-10.18.04.jpg]
[www.serefconcept.com/en/category/classic-sofa-set.html]
[www.serefconcept.com/en/product/venice-classic-sofa-set.html]
[www.serefconcept.com/img/product/s/Classic-Furniture-Klasik-mobilya33.jpg]
[www.serefconcept.com/en/product/ahenk-classic-dining-room-set-.html]
[www.serefconcept.com/img/product/s/Nakış-seref-concept-klasik-mobilya-classic-furniture23.jpg]
[www.serefconcept.com/en/product/nakis-classic-dining-room-set.html]
[www.serefconcept.com/img/product/s/elegance-classic-furniture-klasik-mobilya4.jpg]
[www.serefconcept.com/img/product/s/Nazende-seref-concept-klasik-mobilya-classic-furniture.jpg]
[www.serefconcept.com/en/product/hanzade-classic-brown-dining-room-set.html]
[www.serefconcept.com/img/product/s/Lagos-seref-concept-klasik-mobilya-classic-furniture8.jpg]
[www.serefconcept.com/en/product/lagos-classic-dining-room-set.html]
[www.serefconcept.com/img/product/s/IMGL5683.jpg]
[www.serefconcept.com/img/product/s/Nazende-seref-concept-klasik-mobilya-classic-furniture39.jpg]
[www.serefconcept.com/en/product/hanzade-classic-dining-room-set.html]
[www.serefconcept.com/img/product/s/Payidar-seref-concept-klasik-mobilya-classic-furniture.jpg]
[www.serefconcept.com/en/product/payidar-classic-dining-room-set.html]
[www.serefconcept.com/img/product/s/IMGL0346.jpg]
[www.serefconcept.com/en/product/craft-green-classic-dining-room-set.html]
[www.serefconcept.com/img/product/s/IMGL1092.jpg]
[www.serefconcept.com/en/product/craft-cream-classic-dining-room-set.html]
[www.serefconcept.com/img/product/s/IMGL2976.jpg]
[www.serefconcept.com/en/product/emirgan-classic-dining-room-set.html]
[www.serefconcept.com/img/product/s/IMGL0313.jpg]
[www.serefconcept.com/en/product/hunkar-classic-gold-and-brown-dining-room-set.html]
[www.serefconcept.com/img/product/s/IMGL1006.jpg]
[www.serefconcept.com/en/product/hunkar-classic-light-brown-dining-room-set.html]
[www.serefconcept.com/img/product/s/IMGL0904.jpg]
[www.serefconcept.com/en/product/monaco-cream-brown-classic-dining-room-set.html]
[www.serefconcept.com/img/product/s/IMGL2808.jpg]
[www.serefconcept.com/en/product/monaco-dark-classic-dining-room-set.html]
[www.serefconcept.com/img/product/s/IMGL0520.jpg]
[www.serefconcept.com/en/product/nora-classic-dining-room-set.html]
[www.serefconcept.com/img/product/s/IMGL2917.jpg]
[www.serefconcept.com/en/product/monaco-classic-light-color-dining-room-set.html]
[www.serefconcept.com/img/product/s/WhatsApp-Image-2020-01-29-at-10.18.13.jpg]
[www.serefconcept.com/en/product/cavalli-classic-dining-room-set.html]
[www.serefconcept.com/img/product/s/WhatsApp-Image-2020-01-29-at-10.18.15.jpg]
[www.serefconcept.com/en/product/cavalli-classic-dining-room-set-2-1.html]
[www.serefconcept.com/img/product/s/WhatsApp-Image-2020-06-28-at-13.07.30.jpg]
[www.serefconcept.com/en/product/defne-classic-dining-room-set.html]
[www.serefconcept.com/img/product/s/ravello-4.jpg]
[www.serefconcept.com/en/product/ravello-classic-dining-room-set.html]
[www.serefconcept.com/img/product/s/milano-3.jpg]
[www.serefconcept.com/en/product/milano-classic-dining-room-set.html]
[www.serefconcept.com/img/product/s/milano-5.jpg]
[www.serefconcept.com/en/product/milano-classic-dining-room-set-2.html]
[www.serefconcept.com/img/product/s/WhatsApp-Image-2022-04-18-at-15.01.06-2.jpg]
[www.serefconcept.com/en/product/roma-classic-dining-room-set.html]
[www.serefconcept.com/img/product/s/WhatsApp-Image-2022-04-18-at-15.03.33-2.jpg]
[www.serefconcept.com/img/product/s/WhatsApp-Image-2022-04-18-at-18.33.24-10.jpg]
[www.serefconcept.com/en/product/sarina-dining-room-set.html]
[www.serefconcept.com/img/product/s/WhatsApp-Image-2022-04-18-at-18.34.49-6.jpg]
[www.serefconcept.com/en/product/sarina-classic-dining-room-set-2.html]
[www.serefconcept.com/img/product/s/şeref-1.jpg]
[www.serefconcept.com/en/product/seref-classic-dining-room-set.html]
[www.serefconcept.com/img/product/s/şeref-yemek.jpg]
[www.serefconcept.com/img/product/s/WhatsApp-Image-2020-01-29-at-10.18.11-1.jpg]
[www.serefconcept.com/en/product/venice-classic-dining-room-set.html]
[www.serefconcept.com/img/product/s/hanzade-seref-concept-klasik-mobilya-classic-furniture.jpg]
[www.serefconcept.com/en/category/classic-dining-room.html]
[www.serefconcept.com/img/product/s/IMGL0214.jpg]
[www.serefconcept.com/en/product/agata-classic-bedroom-set.html]
[www.serefconcept.com/img/product/s/IMGL2719.jpg]
[www.serefconcept.com/img/product/s/IMGL0560.jpg]
[www.serefconcept.com/en/product/craft-cream-classic-bedroom-set.html]
[www.serefconcept.com/img/product/s/IMGL0452.jpg]
[www.serefconcept.com/en/product/hanzade-classic-bedroom-set-2.html]
[www.serefconcept.com/img/product/s/IMGL2841.jpg]
[www.serefconcept.com/en/product/nora-classic-bedroom-set.html]
[www.serefconcept.com/img/product/s/WhatsApp-Image-2020-05-22-at-23.49.15.jpg]
[www.serefconcept.com/img/product/s/WhatsApp-Image-2022-04-18-at-15.03.33.jpg]
[www.serefconcept.com/img/product/s/şeref-yatak-1.jpg]
[www.serefconcept.com/en/product/seref-classic-bedroom-set.html]
[www.serefconcept.com/img/product/s/Nazende-seref-concept-klasik-mobilya-classic-furniture29.jpg]
[www.serefconcept.com/en/category/classic-bedroom.html]
[www.serefconcept.com/img/product/s/hanzade-seref-concept-klasik-mobilya-classic-furniture29.jpg]
[www.serefconcept.com/en/product/hanzade-classic-blue-tv-unit-1.html]
[www.serefconcept.com/img/product/s/elegance-classic-furniture-klasik-mobilya15.jpg]
[www.serefconcept.com/img/product/s/Lagos-seref-concept-klasik-mobilya-classic-furniture21_1.jpg]
[www.serefconcept.com/en/product/lagos-classic-tv-unit.html]
[www.serefconcept.com/img/product/s/IMGL5716.jpg]
[www.serefconcept.com/en/product/lyon-classic-tv-unit.html]
[www.serefconcept.com/img/product/s/Nakış-seref-concept-klasik-mobilya-classic-furniture13.jpg]
[www.serefconcept.com/en/product/nakis-classic-tv-unit.html]
[www.serefconcept.com/img/product/s/Nazende-seref-concept-klasik-mobilya-classic-furniture8.jpg]
[www.serefconcept.com/en/product/hanzade-classic-tv-unit.html]
[www.serefconcept.com/img/product/s/Payidar-seref-concept-klasik-mobilya-classic-furniture19.jpg]
[www.serefconcept.com/en/product/payidar-classic-tv-unit.html]
[www.serefconcept.com/img/product/s/IMGL0385_1.jpg]
[www.serefconcept.com/img/product/s/IMGL1137.jpg]
[www.serefconcept.com/en/product/craft-cream-classictv-unit.html]
[www.serefconcept.com/img/product/s/IMGL2943.jpg]
[www.serefconcept.com/en/product/emirgan-classic-tv-unit.html]
[www.serefconcept.com/img/product/s/IMGL0268-2.jpg]
[www.serefconcept.com/en/product/hunkar-classic-gold-and-brown-tv-unit.html]
[www.serefconcept.com/img/product/s/IMGL1041.jpg]
[www.serefconcept.com/en/product/hunkar-classic-light-brown-tv-unit.html]
[www.serefconcept.com/img/product/s/IMGL0951.jpg]
[www.serefconcept.com/en/product/monaco-cream-brown-classic-tv-unit.html]
[www.serefconcept.com/img/product/s/IMGL2757.jpg]
[www.serefconcept.com/en/product/monaco-dark-classic-tv-unit.html]
[www.serefconcept.com/img/product/s/IMGL0483.jpg]
[www.serefconcept.com/en/product/nora-classic-tv-unit.html]
[www.serefconcept.com/img/product/s/IMGL2885.jpg]
[www.serefconcept.com/img/product/s/WhatsApp-Image-2020-01-29-at-10.18.14-Kopya.jpg]
[www.serefconcept.com/en/product/cavalli-classic-tv-unit.html]
[www.serefconcept.com/img/product/s/WhatsApp-Image-2022-04-18-at-15.00.34-1.jpg]
[www.serefconcept.com/en/product/roma-classic-tv-unit.html]
[www.serefconcept.com/img/product/s/WhatsApp-Image-2022-04-18-at-18.31.38-10.jpg]
[www.serefconcept.com/en/product/sarina-classic-tv-unit.html]
[www.serefconcept.com/img/product/s/WhatsApp-Image-2020-01-29-at-10.18.06-1-Kopya.jpg]
[www.serefconcept.com/en/category/classic-tv-unit.html]
[www.serefconcept.com/img/product/s/Nakış-seref-concept-klasik-mobilya-classic-furniture21_1.jpg]
[www.serefconcept.com/img/product/s/Classic-Furniture-Klasik-mobilya35_1.jpg]
[www.serefconcept.com/en/product/ahenk-classic-console-.html]
[www.serefconcept.com/img/product/s/elegance-classic-furniture-klasik-mobilya_1.jpg]
[www.serefconcept.com/img/product/s/Nazende-seref-concept-klasik-mobilya-classic-furniture2_1.jpg]
[www.serefconcept.com/img/product/s/Lagos-seref-concept-klasik-mobilya-classic-furniture17_1.jpg]
[www.serefconcept.com/en/product/lagos-classic-console.html]
[www.serefconcept.com/img/product/s/IMGL5688_1.jpg]
[www.serefconcept.com/img/product/s/Nazende-seref-concept-klasik-mobilya-classic-furniture41_1.jpg]
[www.serefconcept.com/img/product/s/Payidar-seref-concept-klasik-mobilya-classic-furniture13_1.jpg]
[www.serefconcept.com/en/product/payidar-classic-console.html]
[www.serefconcept.com/img/product/s/IMGL0358_1.jpg]
[www.serefconcept.com/en/product/craft-green-classic-console.html]
[www.serefconcept.com/img/product/s/IMGL1095.jpg]
[www.serefconcept.com/en/product/craft-cream-classic-console.html]
[www.serefconcept.com/img/product/s/IMGL2982_1.jpg]
[www.serefconcept.com/en/product/emirgan-classic-console.html]
[www.serefconcept.com/img/product/s/WhatsApp-Image-2022-04-16-at-18.40.58-1.jpg]
[www.serefconcept.com/img/product/s/IMGL0318_1.jpg]
[www.serefconcept.com/img/product/s/IMGL1013.jpg]
[www.serefconcept.com/en/product/hunkar-classic-light-brown-coffee-table-1.html]
[www.serefconcept.com/img/product/s/IMGL0922_1.jpg]
[www.serefconcept.com/en/product/monaco-cream-brown-classic-console.html]
[www.serefconcept.com/img/product/s/IMGL2823_1.jpg]
[www.serefconcept.com/en/product/monaco-dark-classic-console.html]
[www.serefconcept.com/img/product/s/IMGL0522_1.jpg]
[www.serefconcept.com/img/product/s/IMGL2930_1.jpg]
[www.serefconcept.com/en/product/monaco-classic-light-color-classic-console.html]
[www.serefconcept.com/img/product/s/ravello-3.jpg]
[www.serefconcept.com/en/product/ravello-classic-console.html]
[www.serefconcept.com/img/product/s/WhatsApp-Image-2022-04-18-at-15.03.06_1.jpg]
[www.serefconcept.com/en/product/roma--classic-console.html]
[www.serefconcept.com/img/product/s/WhatsApp-Image-2022-04-18-at-18.34.49-15_1.jpg]
[www.serefconcept.com/en/product/sarina-classic-console.html]
[www.serefconcept.com/img/product/s/WhatsApp-Image-2020-01-29-at-10.18.05.jpg]
[www.serefconcept.com/en/category/classic-console.html]
[www.serefconcept.com/img/product/s/hanzade-seref-concept-klasik-mobilya-classic-furniture20.jpg]
[www.serefconcept.com/en/product/hanzade-blue-classic-coffee-table.html]
[www.serefconcept.com/img/product/s/Classic-Furniture-Klasik-mobilya5.jpg]
[www.serefconcept.com/img/product/s/Classic-Furniture-Klasik-mobilya8.jpg]
[www.serefconcept.com/en/product/ahenk-classic-coffee-table-2-1.html]
[www.serefconcept.com/img/product/s/Classic-Furniture-Klasik-mobilya43.jpg]
[www.serefconcept.com/en/product/ahenk-classic-coffee-table-3.html]
[www.serefconcept.com/img/product/s/elegance-classic-furniture-klasik-mobilya18.jpg]
[www.serefconcept.com/en/product/elegance-classic-coffee-table.html]
[www.serefconcept.com/img/product/s/Nazende-seref-concept-klasik-mobilya-classic-furniture23.jpg]
[www.serefconcept.com/en/product/hanzade-classic-brown-coffee-table.html]
[www.serefconcept.com/img/product/s/Lagos-seref-concept-klasik-mobilya-classic-furniture6.jpg]
[www.serefconcept.com/img/product/s/Lyon-seref-concept-klasik-mobilya-classikc-furniture9.jpg]
[www.serefconcept.com/en/product/lyon-classic-coffee-table.html]
[www.serefconcept.com/img/product/s/Nakış-seref-concept-klasik-mobilya-classic-furniture10.jpg]
[www.serefconcept.com/en/product/nakis-classic-coffee-table.html]
[www.serefconcept.com/img/product/s/Nazende-seref-concept-klasik-mobilya-classic-furniture3_2.jpg]
[www.serefconcept.com/en/product/hanzade-classic-coffee-table.html]
[www.serefconcept.com/img/product/s/Payidar-seref-concept-klasik-mobilya-classic-furniture36.jpg]
[www.serefconcept.com/img/product/s/IMGL0383.jpg]
[www.serefconcept.com/en/product/craft-green-classic-coffee-table-1.html]
[www.serefconcept.com/img/product/s/IMGL1141.jpg]
[www.serefconcept.com/en/product/craft-cream-classic-coffee-table.html]
[www.serefconcept.com/img/product/s/IMGL2940.jpg]
[www.serefconcept.com/en/product/emirgan-classic-coffee-table.html]
[www.serefconcept.com/img/product/s/IMGL0273.jpg]
[www.serefconcept.com/img/product/s/IMGL0292.jpg]
[www.serefconcept.com/en/product/hunkar-classic-gold-and-brown-coffee-table-2.html]
[www.serefconcept.com/img/product/s/IMGL1045.jpg]
[www.serefconcept.com/en/product/hunkar-classic-light-brown-coffee-table.html]
[www.serefconcept.com/img/product/s/IMGL0957.jpg]
[www.serefconcept.com/en/product/monaco-cream-brown-classic-coffee-table.html]
[www.serefconcept.com/img/product/s/IMGL2753.jpg]
[www.serefconcept.com/en/product/monaco-dark-classic-coffee-table.html]
[www.serefconcept.com/img/product/s/IMGL0487.jpg]
[www.serefconcept.com/en/product/nora-classic-coffee-table-1.html]
[www.serefconcept.com/img/product/s/IMGL2881.jpg]
[www.serefconcept.com/en/product/monaco-classic-light-color-coffee-table.html]
[www.serefconcept.com/img/product/s/ORTA-SEHPA.jpg]
[www.serefconcept.com/en/product/cavalli-classic-coffee-table.html]
[www.serefconcept.com/img/product/s/WhatsApp-Image-2022-04-18-at-14.59.29.jpg]
[www.serefconcept.com/en/product/roma-classic-coffee-table-2.html]
[www.serefconcept.com/img/product/s/WhatsApp-Image-2022-04-18-at-14.59.36.jpg]
[www.serefconcept.com/en/product/roma-classic-coffee-table-1.html]
[www.serefconcept.com/img/product/s/WhatsApp-Image-2022-04-18-at-18.31.38-2.jpg]
[www.serefconcept.com/en/product/sarina-classic-coffee-table.html]
[www.serefconcept.com/img/product/s/şeref-255.jpg]
[www.serefconcept.com/en/category/classic-table--accessories.html]
[www.serefconcept.com/img/product/s/Roma-Ofis-Seref-Concept-klasik-mobilya-classic-furniture.jpg]
[www.serefconcept.com/img/product/s/WhatsApp-Image-2022-05-07-at-12.08.50.jpg]
[www.serefconcept.com/en/category/classic-office-furniture.html]
[www.serefconcept.com/img/brand/Classic-Furniture-Klasik-mobilya33.jpg]
[www.serefconcept.com/img/brand/elegance-classic-furniture-klasik-mobilya4.jpg]
[www.serefconcept.com/img/brand/hanzade-seref-concept-klasik-mobilya-classic-furniture17.jpg]
[www.serefconcept.com/en/collections.html]
[www.serefconcept.com/en/collection_detail/1.html]
[www.serefconcept.com/en/collection_detail/2.html]
[www.serefconcept.com/en/collection_detail/3.html]
[www.serefconcept.com/en/collection_detail/4.html]
[www.serefconcept.com/en/collection_detail/5.html]
[www.serefconcept.com/en/collection_detail/6.html]
[www.serefconcept.com/en/collection_detail/7.html]
[www.serefconcept.com/en/collection_detail/8.html]
[www.serefconcept.com/en/collection_detail/9.html]
[www.serefconcept.com/en/collection_detail/10.html]
[www.serefconcept.com/en/collection_detail/11.html]
[www.serefconcept.com/en/collection_detail/12.html]
[www.serefconcept.com/en/collection_detail/13.html]
[www.serefconcept.com/en/collection_detail/14.html]
[www.serefconcept.com/en/collection_detail/15.html]
[www.serefconcept.com/en/collection_detail/16.html]
[www.serefconcept.com/en/collection_detail/17.html]
[www.serefconcept.com/en/collection_detail/18.html]
[www.serefconcept.com/en/collection_detail/19.html]
[www.serefconcept.com/en/collection_detail/20.html]
[www.serefconcept.com/en/collection_detail/21.html]
[www.serefconcept.com/en/collection_detail/22.html]
[www.serefconcept.com/en/collection_detail/23.html]
[www.serefconcept.com/en/videolar.html]
[www.serefconcept.com/en/blogs.html]
[www.serefconcept.com/en/contact.html]
[www.serefconcept.com/en/contact/3.html]
[www.serefconcept.com/en/contact/4.html]
[www.serefconcept.com/en/product/ahenk-classic-sofa-set.html]
[www.serefconcept.com/en/product/hanzade-blue-classic-dining-room-set.html]
[www.serefconcept.com/en/product/elegance-classic-tv-unit.html]
[www.serefconcept.com/en/product/lagos-classic-coffee-table.html]
[www.serefconcept.com/en/product/hanzade-classic-bedroom-set.html]
[www.serefconcept.com/en/product/hanzade-classic-console.html]
[www.serefconcept.com/en/blog/timeless,-stylish-trends-in-your-dining-rooms.html]
[www.serefconcept.com/en/blog/the-place-of-furniture-in-life!.html]
[www.serefconcept.com/en/project/hanzade-blue-classic-sofa-set.html]
[www.serefconcept.com/en/project/lagos-classic-tv-unit.html]
[www.serefconcept.com/en/project/lyon-classic-coffee-table.html]
[www.serefconcept.com/en/project/hanzade-classic-sofa-set.html]
[www.serefconcept.com/en/page/clarification-text-regarding-the-processing-of-personal-data.html]
[www.serefconcept.com/theme/css/bootstrap.min.css]
[www.serefconcept.com/theme/css/animate.css]
[www.serefconcept.com/theme/css/ionicons.min.css]
[www.serefconcept.com/theme/css/pe-icon-7-stroke.css]
[www.serefconcept.com/theme/css/flaticon.css]
[www.serefconcept.com/theme/css/fontawesome-all.min.css]
[www.serefconcept.com/theme/css/justifiedgallery.min.css]
[www.serefconcept.com/theme/css/youtubepopup.css]
[www.serefconcept.com/theme/css/slick.css]
[www.serefconcept.com/theme/css/slick-theme.css]
[www.serefconcept.com/theme/css/swiper.min.css]
[www.serefconcept.com/theme/jpg/exp.html]
[www.serefconcept.com/en/a.html]
[www.serefconcept.com/en/POST.html]
[www.serefconcept.com/en/schema.org/index.html]
[www.serefconcept.com/en/b.html]
[www.serefconcept.com/signals/iwl.html]
[www.serefconcept.com/en/product/hanzade-brown-classic-sofa-set.html]
[www.serefconcept.com/en/product/nakis-classic-sofa-set.html]
[www.serefconcept.com/en/product/hanzade-blue-classic-sofa-set.html]
[www.serefconcept.com/en/product/lagos-classic-sofa-set.html]
[www.serefconcept.com/en/product/lyon-classic-sofa-set.html]
[www.serefconcept.com/en/product/hanzade-classic-sofa-set.html]
[www.serefconcept.com/en/product/payidar-classic-sofa-set.html]
[www.serefconcept.com/en/product/craft-green-classic-sofa-set.html]
[www.serefconcept.com/en/product/craft-cream-classic-sofa-set.html]
[www.serefconcept.com/en/product/emirgan-classic-sofa-set.html]
[www.serefconcept.com/en/product/hunkar-classic-gold-and-brown-sofa-set.html]
[www.serefconcept.com/en/product/hunkar-classic-light-brown-sofa-set.html]
[www.serefconcept.com/en/product/monaco-cream-brown-classic-sofa-set.html]
[www.serefconcept.com/en/product/monaco-dark-classic-sofa-set.html]
[www.serefconcept.com/en/product/monaco-classic-light-color-sofa-set.html]
[www.serefconcept.com/en/product/cavalli-classic-sofa-set.html]
[www.serefconcept.com/en/product/cavalli-classic-sofa-set-2.html]
[www.serefconcept.com/en/product/defne-classic-sofa-set-1.html]
[www.serefconcept.com/en/product/ravello-classic-sofa-set.html]
[www.serefconcept.com/en/product/milano-classic-sofa-set.html]
[www.serefconcept.com/en/product/milano-classic-sofa-set-2-1.html]
[www.serefconcept.com/en/product/roma-classic-sofa-set.html]
[www.serefconcept.com/en/product/roma-classic-sofa-set-2.html]
[www.serefconcept.com/en/product/sarina-classic-sofa-set.html]
[www.serefconcept.com/en/product/seref-classic-sofa-set.html]
[www.serefconcept.com/en/product/seref-classic-sofa-set-2.html]
[www.serefconcept.com/en/product/venice-classic-sofa-set.html]
[www.serefconcept.com/en/product/ahenk-classic-dining-room-set-.html]
[www.serefconcept.com/en/product/nakis-classic-dining-room-set.html]
[www.serefconcept.com/en/product/hanzade-classic-brown-dining-room-set.html]
[www.serefconcept.com/en/product/lagos-classic-dining-room-set.html]
[www.serefconcept.com/en/product/hanzade-classic-dining-room-set.html]
[www.serefconcept.com/en/product/payidar-classic-dining-room-set.html]
[www.serefconcept.com/en/product/craft-green-classic-dining-room-set.html]
[www.serefconcept.com/en/product/craft-cream-classic-dining-room-set.html]
[www.serefconcept.com/en/product/emirgan-classic-dining-room-set.html]
[www.serefconcept.com/en/product/hunkar-classic-gold-and-brown-dining-room-set.html]
[www.serefconcept.com/en/product/hunkar-classic-light-brown-dining-room-set.html]
[www.serefconcept.com/en/product/monaco-cream-brown-classic-dining-room-set.html]
[www.serefconcept.com/en/product/monaco-dark-classic-dining-room-set.html]
[www.serefconcept.com/en/product/nora-classic-dining-room-set.html]
[www.serefconcept.com/en/product/monaco-classic-light-color-dining-room-set.html]
[www.serefconcept.com/en/product/cavalli-classic-dining-room-set.html]
[www.serefconcept.com/en/product/cavalli-classic-dining-room-set-2-1.html]
[www.serefconcept.com/en/product/defne-classic-dining-room-set.html]
[www.serefconcept.com/en/product/ravello-classic-dining-room-set.html]
[www.serefconcept.com/en/product/milano-classic-dining-room-set.html]
[www.serefconcept.com/en/product/milano-classic-dining-room-set-2.html]
[www.serefconcept.com/en/product/roma-classic-dining-room-set.html]
[www.serefconcept.com/en/product/sarina-dining-room-set.html]
[www.serefconcept.com/en/product/sarina-classic-dining-room-set-2.html]
[www.serefconcept.com/en/product/seref-classic-dining-room-set.html]
[www.serefconcept.com/en/product/venice-classic-dining-room-set.html]
[www.serefconcept.com/en/product/agata-classic-bedroom-set.html]
[www.serefconcept.com/en/product/craft-cream-classic-bedroom-set.html]
[www.serefconcept.com/en/product/hanzade-classic-bedroom-set-2.html]
[www.serefconcept.com/en/product/nora-classic-bedroom-set.html]
[www.serefconcept.com/en/product/seref-classic-bedroom-set.html]
[www.serefconcept.com/en/product/hanzade-classic-blue-tv-unit-1.html]
[www.serefconcept.com/en/product/lagos-classic-tv-unit.html]
[www.serefconcept.com/en/product/lyon-classic-tv-unit.html]
[www.serefconcept.com/en/product/nakis-classic-tv-unit.html]
[www.serefconcept.com/en/product/hanzade-classic-tv-unit.html]
[www.serefconcept.com/en/product/payidar-classic-tv-unit.html]
[www.serefconcept.com/en/product/craft-cream-classictv-unit.html]
[www.serefconcept.com/en/product/emirgan-classic-tv-unit.html]
[www.serefconcept.com/en/product/hunkar-classic-gold-and-brown-tv-unit.html]
[www.serefconcept.com/en/product/hunkar-classic-light-brown-tv-unit.html]
[www.serefconcept.com/en/product/monaco-cream-brown-classic-tv-unit.html]
[www.serefconcept.com/img/product/b/IMGL2757.jpg]
[www.serefconcept.com/img/product/b/IMGL2758.jpg]
[www.serefconcept.com/en/product/monaco-dark-classic-tv-unit.html]
[www.serefconcept.com/img/product/b/IMGL0483.jpg]
[www.serefconcept.com/en/product/nora-classic-tv-unit.html]
[www.serefconcept.com/img/product/b/WhatsApp-Image-2020-01-29-at-10.18.14-Kopya.jpg]
[www.serefconcept.com/en/product/cavalli-classic-tv-unit.html]
[www.serefconcept.com/img/product/b/WhatsApp-Image-2022-04-18-at-15.00.34-1.jpg]
[www.serefconcept.com/img/product/b/WhatsApp-Image-2022-04-18-at-15.00.34.jpg]
[www.serefconcept.com/en/product/roma-classic-tv-unit.html]
[www.serefconcept.com/img/product/b/WhatsApp-Image-2022-04-18-at-18.31.38-10.jpg]
[www.serefconcept.com/img/product/b/WhatsApp-Image-2022-04-18-at-18.31.38-9.jpg]
[www.serefconcept.com/img/product/b/WhatsApp-Image-2022-04-18-at-18.31.38-8.jpg]
[www.serefconcept.com/en/product/sarina-classic-tv-unit.html]
[www.serefconcept.com/img/product/b/Classic-Furniture-Klasik-mobilya35_1.jpg]
[www.serefconcept.com/img/product/b/Classic-Furniture-Klasik-mobilya36_1.jpg]
[www.serefconcept.com/en/product/ahenk-classic-console-.html]
[www.serefconcept.com/img/product/b/Lagos-seref-concept-klasik-mobilya-classic-furniture17_1.jpg]
[www.serefconcept.com/img/product/b/Lagos-seref-concept-klasik-mobilya-classic-furniture18_1.jpg]
[www.serefconcept.com/en/product/lagos-classic-console.html]
[www.serefconcept.com/img/product/b/Payidar-seref-concept-klasik-mobilya-classic-furniture13_1.jpg]
[www.serefconcept.com/en/product/payidar-classic-console.html]
[www.serefconcept.com/img/product/b/IMGL0358_1.jpg]
[www.serefconcept.com/img/product/b/IMGL0351_1.jpg]
[www.serefconcept.com/img/product/b/IMGL0352_1.jpg]
[www.serefconcept.com/img/product/b/IMGL0359_1.jpg]
[www.serefconcept.com/img/product/b/IMGL0362_1.jpg]
[www.serefconcept.com/en/product/craft-green-classic-console.html]
[www.serefconcept.com/img/product/b/IMGL1095.jpg]
[www.serefconcept.com/img/product/b/IMGL1097.jpg]
[www.serefconcept.com/img/product/b/IMGL1098.jpg]
[www.serefconcept.com/img/product/b/IMGL1099.jpg]
[www.serefconcept.com/img/product/b/IMGL1100.jpg]
[www.serefconcept.com/img/product/b/IMGL1101.jpg]
[www.serefconcept.com/img/product/b/IMGL1104.jpg]
[www.serefconcept.com/en/product/craft-cream-classic-console.html]
[www.serefconcept.com/img/product/b/IMGL2982_1.jpg]
[www.serefconcept.com/img/product/b/IMGL2980_1.jpg]
[www.serefconcept.com/img/product/b/IMGL2981_1.jpg]
[www.serefconcept.com/img/product/b/IMGL2994_1.jpg]
[www.serefconcept.com/img/product/b/IMGL3001_1.jpg]
[www.serefconcept.com/en/product/emirgan-classic-console.html]
[www.serefconcept.com/img/product/b/IMGL1013.jpg]
[www.serefconcept.com/img/product/b/IMGL1016_1.jpg]
[www.serefconcept.com/img/product/b/IMGL1019_1.jpg]
[www.serefconcept.com/img/product/b/IMGL1020_1.jpg]
[www.serefconcept.com/en/product/hunkar-classic-light-brown-coffee-table-1.html]
[www.serefconcept.com/img/product/b/IMGL0922_1.jpg]
[www.serefconcept.com/img/product/b/IMGL0924_1.jpg]
[www.serefconcept.com/img/product/b/WhatsApp-Image-2022-04-16-at-22.07.41.jpg]
[www.serefconcept.com/img/product/b/WhatsApp-Image-2022-04-16-at-22.07.09.jpg]
[www.serefconcept.com/en/product/monaco-cream-brown-classic-console.html]
[www.serefconcept.com/img/product/b/IMGL2823_1.jpg]
[www.serefconcept.com/img/product/b/IMGL2819_1.jpg]
[www.serefconcept.com/img/product/b/IMGL2820_1.jpg]
[www.serefconcept.com/img/product/b/IMGL2821.jpg]
[www.serefconcept.com/en/product/monaco-dark-classic-console.html]
[www.serefconcept.com/img/product/b/IMGL2930_1.jpg]
[www.serefconcept.com/img/product/b/IMGL2920_2.jpg]
[www.serefconcept.com/img/product/b/IMGL2921_1.jpg]
[www.serefconcept.com/en/product/monaco-classic-light-color-classic-console.html]
[www.serefconcept.com/img/product/b/ravello-3.jpg]
[www.serefconcept.com/en/product/ravello-classic-console.html]
[www.serefconcept.com/img/product/b/WhatsApp-Image-2022-04-18-at-15.03.06_1.jpg]
[www.serefconcept.com/img/product/b/WhatsApp-Image-2022-04-18-at-15.03.19-2_1.jpg]
[www.serefconcept.com/img/product/b/WhatsApp-Image-2022-04-18-at-15.03.19-1_1.jpg]
[www.serefconcept.com/en/product/roma--classic-console.html]
[www.serefconcept.com/img/product/b/WhatsApp-Image-2022-04-18-at-18.34.49-15_1.jpg]
[www.serefconcept.com/img/product/b/WhatsApp-Image-2022-04-18-at-18.34.49-14_1.jpg]
[www.serefconcept.com/img/product/b/WhatsApp-Image-2022-04-18-at-18.34.49-2_1.jpg]
[www.serefconcept.com/en/product/sarina-classic-console.html]
[www.serefconcept.com/img/product/b/hanzade-seref-concept-klasik-mobilya-classic-furniture20.jpg]
[www.serefconcept.com/en/product/hanzade-blue-classic-coffee-table.html]
[www.serefconcept.com/img/product/b/Classic-Furniture-Klasik-mobilya8.jpg]
[www.serefconcept.com/en/product/ahenk-classic-coffee-table-2-1.html]
[www.serefconcept.com/img/product/b/Classic-Furniture-Klasik-mobilya43.jpg]
[www.serefconcept.com/img/product/b/Classic-Furniture-Klasik-mobilya40_1.jpg]
[www.serefconcept.com/en/product/ahenk-classic-coffee-table-3.html]
[www.serefconcept.com/img/product/b/elegance-classic-furniture-klasik-mobilya18.jpg]
[www.serefconcept.com/img/product/b/elegance-classic-furniture-klasik-mobilya27.jpg]
[www.serefconcept.com/en/product/elegance-classic-coffee-table.html]
[www.serefconcept.com/img/product/b/Nazende-seref-concept-klasik-mobilya-classic-furniture23.jpg]
[www.serefconcept.com/img/product/b/Nazende-seref-concept-klasik-mobilya-classic-furniture19.jpg]
[www.serefconcept.com/en/product/hanzade-classic-brown-coffee-table.html]
[www.serefconcept.com/en/product/lyon-classic-coffee-table.html]
[www.serefconcept.com/img/product/b/Nakış-seref-concept-klasik-mobilya-classic-furniture10.jpg]
[www.serefconcept.com/img/product/b/Nakış-seref-concept-klasik-mobilya-classic-furniture2.jpg]
[www.serefconcept.com/img/product/b/Nakış-seref-concept-klasik-mobilya-classic-furniture5.jpg]
[www.serefconcept.com/en/product/nakis-classic-coffee-table.html]
[www.serefconcept.com/img/product/b/Nazende-seref-concept-klasik-mobilya-classic-furniture3_2.jpg]
[www.serefconcept.com/img/product/b/Nazende-seref-concept-klasik-mobilya-classic-furniture23_1.jpg]
[www.serefconcept.com/en/product/hanzade-classic-coffee-table.html]
[www.serefconcept.com/img/product/b/IMGL0383.jpg]
[www.serefconcept.com/img/product/b/IMGL0402.jpg]
[www.serefconcept.com/en/product/craft-green-classic-coffee-table-1.html]
[www.serefconcept.com/img/product/b/IMGL1141.jpg]
[www.serefconcept.com/img/product/b/IMGL1142.jpg]
[www.serefconcept.com/en/product/craft-cream-classic-coffee-table.html]
[www.serefconcept.com/img/product/b/IMGL2940.jpg]
[www.serefconcept.com/img/product/b/IMGL2968.jpg]
[www.serefconcept.com/en/product/emirgan-classic-coffee-table.html]
[www.serefconcept.com/img/product/b/IMGL0292.jpg]
[www.serefconcept.com/img/product/b/IMGL0293.jpg]
[www.serefconcept.com/en/product/hunkar-classic-gold-and-brown-coffee-table-2.html]
[www.serefconcept.com/img/product/b/IMGL1045.jpg]
[www.serefconcept.com/img/product/b/IMGL1046.jpg]
[www.serefconcept.com/img/product/b/IMGL1047.jpg]
[www.serefconcept.com/en/product/hunkar-classic-light-brown-coffee-table.html]
[www.serefconcept.com/img/product/b/IMGL0957.jpg]
[www.serefconcept.com/img/product/b/IMGL0958.jpg]
[www.serefconcept.com/img/product/b/IMGL0968.jpg]
[www.serefconcept.com/en/product/monaco-cream-brown-classic-coffee-table.html]
[www.serefconcept.com/img/product/b/IMGL2753.jpg]
[www.serefconcept.com/img/product/b/IMGL2754.jpg]
[www.serefconcept.com/img/product/b/IMGL2755.jpg]
[www.serefconcept.com/en/product/monaco-dark-classic-coffee-table.html]
[www.serefconcept.com/img/product/b/IMGL0487.jpg]
[www.serefconcept.com/img/product/b/IMGL0485.jpg]
[www.serefconcept.com/en/product/nora-classic-coffee-table-1.html]
[www.serefconcept.com/img/product/b/IMGL2881.jpg]
[www.serefconcept.com/img/product/b/IMGL2882.jpg]
[www.serefconcept.com/en/product/monaco-classic-light-color-coffee-table.html]
[www.serefconcept.com/img/product/b/ORTA-SEHPA.jpg]
[www.serefconcept.com/en/product/cavalli-classic-coffee-table.html]
[www.serefconcept.com/img/product/b/WhatsApp-Image-2022-04-18-at-14.59.29.jpg]
[www.serefconcept.com/en/product/roma-classic-coffee-table-2.html]
[www.serefconcept.com/img/product/b/WhatsApp-Image-2022-04-18-at-14.59.36.jpg]
[www.serefconcept.com/en/product/roma-classic-coffee-table-1.html]
[www.serefconcept.com/img/product/b/WhatsApp-Image-2022-04-18-at-18.31.38-2.jpg]
[www.serefconcept.com/img/product/b/WhatsApp-Image-2022-04-18-at-18.31.38-3.jpg]
[www.serefconcept.com/img/product/b/WhatsApp-Image-2022-04-18-at-18.31.38-1.jpg]
[www.serefconcept.com/en/product/sarina-classic-coffee-table.html]
[www.serefconcept.com/img/brand/Classic-Furniture-Klasik-mobilya33.jpg]
[www.serefconcept.com/img/brand/elegance-classic-furniture-klasik-mobilya4.jpg]
[www.serefconcept.com/img/brand/hanzade-seref-concept-klasik-mobilya-classic-furniture17.jpg]
[www.serefconcept.com/img/brand/Lagos-seref-concept-klasik-mobilya-classic-furniture.jpg]
[www.serefconcept.com/img/brand/IMGL5702.jpg]
[www.serefconcept.com/img/brand/Nakış-seref-concept-klasik-mobilya-classic-furniture23.jpg]
[www.serefconcept.com/img/brand/Nazende-seref-concept-klasik-mobilya-classic-furniture30.jpg]
[www.serefconcept.com/img/brand/Payidar-seref-concept-klasik-mobilya-classic-furniture18.jpg]
[www.serefconcept.com/img/brand/Roma-Ofis-Seref-Concept-klasik-mobilya-classic-furniture.jpg]
[www.serefconcept.com/img/brand/IMGL1165.jpg]
[www.serefconcept.com/img/brand/IMGL2964.jpg]
[www.serefconcept.com/img/brand/şeref-concept-hunkar.jpg]
[www.serefconcept.com/img/brand/IMGL0979.jpg]
[www.serefconcept.com/img/brand/şeref-concept.jpg]
[www.serefconcept.com/img/brand/IMGL0501.jpg]
[www.serefconcept.com/img/brand/WhatsApp-Image-2020-01-29-at-10.18.13-1.jpeg]
[www.serefconcept.com/img/brand/WhatsApp-Image-2020-08-19-at-15.12.50.jpeg]
[www.serefconcept.com/img/brand/ravello-2.jpeg]
[www.serefconcept.com/img/brand/milano-1.jpeg]
[www.serefconcept.com/img/brand/sarina-2.jpeg]
[www.serefconcept.com/img/brand/şeref-concept_1.jpg]
[www.serefconcept.com/img/brand/WhatsApp-Image-2020-01-29-at-10.18.12.jpeg]
[www.serefconcept.com/img/brand/WhatsApp-Image-2022-05-07-at-12.18.50.jpeg]
[www.serefconcept.com/en/blog/your-reference-point-for-high-quality-classic-furniture-designs]
[www.serefconcept.com/img/content/s/Classic-Furniture-Klasik-mobilya33.jpg]
[www.serefconcept.com/img/contact/hero_in_bg_3.jpg]
[www.serefconcept.com/img/product/b/WhatsApp-Image-2022-03-16-at-14.57.54.jpeg]
[www.serefconcept.com/img/product/b/Classic-Furniture-Klasik-mobilya3.jpg]
[www.serefconcept.com/img/product/b/Classic-Furniture-Klasik-mobilya4.jpg]
[www.serefconcept.com/img/product/b/Classic-Furniture-Klasik-mobilya6.jpg]
[www.serefconcept.com/en/product/ahenk-classic-coffee-table]
[www.serefconcept.com/en/product/ahenk-classic-classic-sofa-set-2]
[www.serefconcept.com/en/product/elegance-classic-sofa-set]
[www.serefconcept.com/en/product/elegance-classic-dining-room-set]
[www.serefconcept.com/en/product/elegance-classic-console-1]
[www.serefconcept.com/en/product/hanzade-classic-brown-console]
[www.serefconcept.com/en/product/lyon-classic-dining-room-set]
[www.serefconcept.com/en/product/lyon-classic-console]
[www.serefconcept.com/en/product/nakis-classic-console]
[www.serefconcept.com/en/product/hanzade-classic-blue-console]
[www.serefconcept.com/en/product/payidar-classic-coffee-table]
[www.serefconcept.com/en/product/roma-classic-dining-room-set-2]
[www.serefconcept.com/en/product/rome-office-furniture]
[www.serefconcept.com/en/product/roma-classic-bedroom-set-1]
[www.serefconcept.com/en/product/craft-green-classic-tv-unit-1-1-1-1-1]
[www.serefconcept.com/en/product/craft-green-classic-bedroom-set-1]
[www.serefconcept.com/en/product/hunkar-classic-gold-and-brown-coffee-table-1]
[www.serefconcept.com/en/product/hunkar-classic-gold-and-brown-console]
[www.serefconcept.com/en/product/monaco-classic-light-color-tv-unit]
[www.serefconcept.com/en/product/nora-classic-sofa-set]
[www.serefconcept.com/en/product/nora-classic-console]
[www.serefconcept.com/en/product/milano-classic-bedroom-set]
[www.serefconcept.com/en/product/sarina-classic-sofa-set-2]
[www.serefconcept.com/en/product/seref-classic-dining-room-set-2]
[www.serefconcept.com/en/product/seref-classic-coffee-table]
[www.serefconcept.com/en/product/venice-classic-tv-unit]
[www.serefconcept.com/en/product/venice-classic-console]
[www.serefconcept.com/en/page/satis-noktalari.html]
[www.serefconcept.com/en/blog/your-reference-point-for-high-quality-classic-furniture-designs]
[www.serefconcept.com/img/contact/hero_in_bg_3.jpg]
[www.serefconcept.com/img/product/b/Classic-Furniture-Klasik-mobilya9.jpg]
[www.serefconcept.com/img/product/b/Classic-Furniture-Klasik-mobilya11.jpg]
[www.serefconcept.com/img/product/b/Classic-Furniture-Klasik-mobilya13.jpg]
[www.serefconcept.com/en/product/img/portfolio/project1/bg.jpg]
[www.serefconcept.com/img/product/b/hanzade-seref-concept-klasik-mobilya-classic-furniture.jpg]
[www.serefconcept.com/img/product/b/hanzade-seref-concept-klasik-mobilya-classic-furniture2.jpg]
[www.serefconcept.com/img/product/b/hanzade-seref-concept-klasik-mobilya-classic-furniture3.jpg]
[www.serefconcept.com/img/product/b/hanzade-seref-concept-klasik-mobilya-classic-furniture2_1.jpg]
[www.serefconcept.com/img/product/b/hanzade-seref-concept-klasik-mobilya-classic-furniture3_1.jpg]
[www.serefconcept.com/img/product/b/hanzade-seref-concept-klasik-mobilya-classic-furniture4.jpg]
[www.serefconcept.com/img/product/b/hanzade-seref-concept-klasik-mobilya-classic-furniture5.jpg]
[www.serefconcept.com/img/product/b/hanzade-seref-concept-klasik-mobilya-classic-furniture6.jpg]
[www.serefconcept.com/img/product/b/hanzade-seref-concept-klasik-mobilya-classic-furniture7.jpg]
[www.serefconcept.com/img/product/b/hanzade-seref-concept-klasik-mobilya-classic-furniture9.jpg]
[www.serefconcept.com/img/product/b/hanzade-seref-concept-klasik-mobilya-classic-furniture10.jpg]
[www.serefconcept.com/img/product/b/hanzade-seref-concept-klasik-mobilya-classic-furniture11.jpg]
[www.serefconcept.com/img/product/b/hanzade-seref-concept-klasik-mobilya-classic-furniture13.jpg]
[www.serefconcept.com/img/product/b/hanzade-seref-concept-klasik-mobilya-classic-furniture14.jpg]
[www.serefconcept.com/img/product/b/elegance-classic-furniture-klasik-mobilya15.jpg]
[www.serefconcept.com/img/product/b/elegance-classic-furniture-klasik-mobilya32.jpg]
[www.serefconcept.com/img/product/b/elegance-classic-furniture-klasik-mobilya33.jpg]
[www.serefconcept.com/img/product/b/elegance-classic-furniture-klasik-mobilya34.jpg]
[www.serefconcept.com/img/product/b/Lagos-seref-concept-klasik-mobilya-classic-furniture6.jpg]
[www.serefconcept.com/img/product/b/Lagos-seref-concept-klasik-mobilya-classic-furniture7.jpg]
[www.serefconcept.com/img/product/b/Nazende-seref-concept-klasik-mobilya-classic-furniture29.jpg]
[www.serefconcept.com/img/product/b/Nazende-seref-concept-klasik-mobilya-classic-furniture28_1.jpg]
[www.serefconcept.com/img/product/b/Nazende-seref-concept-klasik-mobilya-classic-furniture30.jpg]
[www.serefconcept.com/img/product/b/Nazende-seref-concept-klasik-mobilya-classic-furniture32.jpg]
[www.serefconcept.com/img/product/b/Nazende-seref-concept-klasik-mobilya-classic-furniture33.jpg]
[www.serefconcept.com/img/product/b/Nazende-seref-concept-klasik-mobilya-classic-furniture34.jpg]
[www.serefconcept.com/img/product/b/Nazende-seref-concept-klasik-mobilya-classic-furniture36.jpg]
[www.serefconcept.com/img/product/b/Nazende-seref-concept-klasik-mobilya-classic-furniture37.jpg]
[www.serefconcept.com/img/product/b/Nazende-seref-concept-klasik-mobilya-classic-furniture35.jpg]
[www.serefconcept.com/img/product/b/Nazende-seref-concept-klasik-mobilya-classic-furniture41_1.jpg]
[www.serefconcept.com/img/product/b/Nazende-seref-concept-klasik-mobilya-classic-furniture40_1.jpg]
[www.serefconcept.com/en/blog/what-should-we-pay-attention-to-when-buying-a-sofa-setd41d.html]
[www.serefconcept.com/img/content/b/Nazende-seref-concept-klasik-mobilya-classic-furniture10.jpg]
[www.serefconcept.com/img/content/b/IMGL5673.jpg]
[www.serefconcept.com/img/product/b/hanzade-seref-concept-klasik-mobilya-classic-furniture15.jpg]
[www.serefconcept.com/img/product/b/hanzade-seref-concept-klasik-mobilya-classic-furniture16.jpg]
[www.serefconcept.com/img/product/b/hanzade-seref-concept-klasik-mobilya-classic-furniture19.jpg]
[www.serefconcept.com/img/product/b/hanzade-seref-concept-klasik-mobilya-classic-furniture21.jpg]
[www.serefconcept.com/img/product/b/hanzade-seref-concept-klasik-mobilya-classic-furniture22.jpg]
[www.serefconcept.com/img/product/b/hanzade-seref-concept-klasik-mobilya-classic-furniture23.jpg]
[www.serefconcept.com/img/product/b/hanzade-seref-concept-klasik-mobilya-classic-furniture24.jpg]
[www.serefconcept.com/img/product/b/hanzade-seref-concept-klasik-mobilya-classic-furniture17.jpg]
[www.serefconcept.com/img/product/b/hanzade-seref-concept-klasik-mobilya-classic-furniture25.jpg]
[www.serefconcept.com/img/product/b/hanzade-seref-concept-klasik-mobilya-classic-furniture26.jpg]
[www.serefconcept.com/img/product/b/hanzade-seref-concept-klasik-mobilya-classic-furniture27.jpg]
[www.serefconcept.com/en/project/img/portfolio/project1/bg.jpg]
[www.serefconcept.com/img/product/b/Lagos-seref-concept-klasik-mobilya-classic-furniture21_1.jpg]
[www.serefconcept.com/img/product/b/Lagos-seref-concept-klasik-mobilya-classic-furniture17_2.jpg]
[www.serefconcept.com/img/product/b/Lagos-seref-concept-klasik-mobilya-classic-furniture18_2.jpg]
[www.serefconcept.com/img/product/b/Lagos-seref-concept-klasik-mobilya-classic-furniture19.jpg]
[www.serefconcept.com/img/product/b/Lagos-seref-concept-klasik-mobilya-classic-furniture20.jpg]
[www.serefconcept.com/img/product/b/Lyon-seref-concept-klasik-mobilya-classikc-furniture9.jpg]
[www.serefconcept.com/img/product/b/Nazende-seref-concept-klasik-mobilya-classic-furniture10_1.jpg]
[www.serefconcept.com/img/product/b/Nazende-seref-concept-klasik-mobilya-classic-furniture4.jpg]
[www.serefconcept.com/img/product/b/Nazende-seref-concept-klasik-mobilya-classic-furniture9_1.jpg]
[www.serefconcept.com/img/product/b/Nazende-seref-concept-klasik-mobilya-classic-furniture12_1.jpg]
[www.serefconcept.com/img/product/b/Nazende-seref-concept-klasik-mobilya-classic-furniture13.jpg]
[www.serefconcept.com/img/product/b/Nazende-seref-concept-klasik-mobilya-classic-furniture15_1.jpg]
[www.serefconcept.com/img/product/b/Nazende-seref-concept-klasik-mobilya-classic-furniture17_1.jpg]
[www.serefconcept.com/img/product/b/Nazende-seref-concept-klasik-mobilya-classic-furniture19_1.jpg]
[www.serefconcept.com/img/product/b/Nazende-seref-concept-klasik-mobilya-classic-furniture20_1.jpg]
[www.serefconcept.com/img/content/b/seref1_3.jpg]
[www.serefconcept.com/en/page/img/dots.html]
[www.serefconcept.com/img/product/b/Nazende-seref-concept-klasik-mobilya-classic-furniture16.jpg]
[www.serefconcept.com/img/product/b/Nazende-seref-concept-klasik-mobilya-classic-furniture17.jpg]
[www.serefconcept.com/img/product/b/Nazende-seref-concept-klasik-mobilya-classic-furniture18.jpg]
[www.serefconcept.com/img/product/b/Nazende-seref-concept-klasik-mobilya-classic-furniture20.jpg]
[www.serefconcept.com/img/product/b/Nazende-seref-concept-klasik-mobilya-classic-furniture22.jpg]
[www.serefconcept.com/img/product/b/Nazende-seref-concept-klasik-mobilya-classic-furniture24.jpg]
[www.serefconcept.com/img/product/b/Nazende-seref-concept-klasik-mobilya-classic-furniture25.jpg]
[www.serefconcept.com/img/product/b/Nazende-seref-concept-klasik-mobilya-classic-furniture26.jpg]
[www.serefconcept.com/img/product/b/Nazende-seref-concept-klasik-mobilya-classic-furniture27.jpg]
[www.serefconcept.com/img/product/b/Nazende-seref-concept-klasik-mobilya-classic-furniture28.jpg]
[www.serefconcept.com/img/product/b/Nakış-seref-concept-klasik-mobilya-classic-furniture.jpg]
[www.serefconcept.com/img/product/b/Nakış-seref-concept-klasik-mobilya-classic-furniture3.jpg]
[www.serefconcept.com/img/product/b/Nakış-seref-concept-klasik-mobilya-classic-furniture4.jpg]
[www.serefconcept.com/img/product/b/Nakış-seref-concept-klasik-mobilya-classic-furniture6.jpg]
[www.serefconcept.com/img/product/b/Nakış-seref-concept-klasik-mobilya-classic-furniture8.jpg]
[www.serefconcept.com/img/product/b/Nakış-seref-concept-klasik-mobilya-classic-furniture9.jpg]
[www.serefconcept.com/img/product/b/Nakış-seref-concept-klasik-mobilya-classic-furniture11.jpg]
[www.serefconcept.com/img/product/b/Lagos-seref-concept-klasik-mobilya-classic-furniture.jpg]
[www.serefconcept.com/img/product/b/Lagos-seref-concept-klasik-mobilya-classic-furniture2.jpg]
[www.serefconcept.com/img/product/b/Lagos-seref-concept-klasik-mobilya-classic-furniture3.jpg]
[www.serefconcept.com/img/product/b/Lagos-seref-concept-klasik-mobilya-classic-furniture4.jpg]
[www.serefconcept.com/img/product/b/Lagos-seref-concept-klasik-mobilya-classic-furniture5.jpg]
[www.serefconcept.com/img/product/b/Lyon-seref-concept-klasik-mobilya-classikc-furniture.jpg]
[www.serefconcept.com/img/product/b/IMGL5714.jpg]
[www.serefconcept.com/img/product/b/Lyon-seref-concept-klasik-mobilya-classikc-furniture2.jpg]
[www.serefconcept.com/img/product/b/Lyon-seref-concept-klasik-mobilya-classikc-furniture3.jpg]
[www.serefconcept.com/img/product/b/Lyon-seref-concept-klasik-mobilya-classikc-furniture4.jpg]
[www.serefconcept.com/img/product/b/Lyon-seref-concept-klasik-mobilya-classikc-furniture6.jpg]
[www.serefconcept.com/img/product/b/Lyon-seref-concept-klasik-mobilya-classikc-furniture7.jpg]
[www.serefconcept.com/img/product/b/Lyon-seref-concept-klasik-mobilya-classikc-furniture8.jpg]
[www.serefconcept.com/img/product/b/Lyon-seref-concept-klasik-mobilya-classikc-furniture12.jpg]
[www.serefconcept.com/img/product/b/Payidar-seref-concept-klasik-mobilya-classic-furniture22.jpg]
[www.serefconcept.com/img/product/b/Payidar-seref-concept-klasik-mobilya-classic-furniture23.jpg]
[www.serefconcept.com/img/product/b/Payidar-seref-concept-klasik-mobilya-classic-furniture24.jpg]
[www.serefconcept.com/img/product/b/Payidar-seref-concept-klasik-mobilya-classic-furniture25.jpg]
[www.serefconcept.com/img/product/b/Payidar-seref-concept-klasik-mobilya-classic-furniture26.jpg]
[www.serefconcept.com/img/product/b/Payidar-seref-concept-klasik-mobilya-classic-furniture29.jpg]
[www.serefconcept.com/img/product/b/Payidar-seref-concept-klasik-mobilya-classic-furniture30.jpg]
[www.serefconcept.com/img/product/b/Payidar-seref-concept-klasik-mobilya-classic-furniture21.jpg]
[www.serefconcept.com/img/product/b/Payidar-seref-concept-klasik-mobilya-classic-furniture33.jpg]
[www.serefconcept.com/img/product/b/Payidar-seref-concept-klasik-mobilya-classic-furniture34.jpg]
[www.serefconcept.com/img/product/b/IMGL0400.jpg]
[www.serefconcept.com/img/product/b/IMGL0405.jpg]
[www.serefconcept.com/img/product/b/IMGL0406.jpg]
[www.serefconcept.com/img/product/b/IMGL0407.jpg]
[www.serefconcept.com/img/product/b/IMGL0408.jpg]
[www.serefconcept.com/img/product/b/IMGL0409.jpg]
[www.serefconcept.com/img/product/b/IMGL0412.jpg]
[www.serefconcept.com/img/product/b/IMGL0413.jpg]
[www.serefconcept.com/img/product/b/IMGL0407_1.jpg]
[www.serefconcept.com/img/product/b/IMGL0410.jpg]
[www.serefconcept.com/img/product/b/IMGL0415.jpg]
[www.serefconcept.com/img/product/b/IMGL0416.jpg]
[www.serefconcept.com/img/product/b/IMGL0420.jpg]
[www.serefconcept.com/img/product/b/IMGL0421.jpg]
[www.serefconcept.com/img/product/b/IMGL0422.jpg]
[www.serefconcept.com/img/product/b/IMGL0423.jpg]
[www.serefconcept.com/img/product/b/IMGL0404.jpg]
[www.serefconcept.com/img/product/b/IMGL0424.jpg]
[www.serefconcept.com/img/product/b/IMGL0429.jpg]
[www.serefconcept.com/img/product/b/IMGL0430.jpg]
[www.serefconcept.com/img/product/b/IMGL0432.jpg]
[www.serefconcept.com/img/product/b/IMGL1159.jpg]
[www.serefconcept.com/img/product/b/IMGL1145.jpg]
[www.serefconcept.com/img/product/b/IMGL1147.jpg]
[www.serefconcept.com/img/product/b/IMGL1160.jpg]
[www.serefconcept.com/img/product/b/IMGL1161.jpg]
[www.serefconcept.com/img/product/b/IMGL1163.jpg]
[www.serefconcept.com/img/product/b/IMGL1164.jpg]
[www.serefconcept.com/img/product/b/IMGL1165.jpg]
[www.serefconcept.com/img/product/b/IMGL1166.jpg]
[www.serefconcept.com/img/product/b/IMGL1167.jpg]
[www.serefconcept.com/img/product/b/IMGL1168.jpg]
[www.serefconcept.com/img/product/b/IMGL1169.jpg]
[www.serefconcept.com/img/product/b/IMGL1170.jpg]
[www.serefconcept.com/img/product/b/IMGL1172.jpg]
[www.serefconcept.com/img/product/b/IMGL1173.jpg]
[www.serefconcept.com/img/product/b/IMGL2952.jpg]
[www.serefconcept.com/img/product/b/IMGL2938.jpg]
[www.serefconcept.com/img/product/b/IMGL2955.jpg]
[www.serefconcept.com/img/product/b/IMGL2956.jpg]
[www.serefconcept.com/img/product/b/IMGL2957.jpg]
[www.serefconcept.com/img/product/b/IMGL2958.jpg]
[www.serefconcept.com/img/product/b/IMGL2961.jpg]
[www.serefconcept.com/img/product/b/IMGL2961_1.jpg]
[www.serefconcept.com/img/product/b/IMGL2962.jpg]
[www.serefconcept.com/img/product/b/IMGL2964.jpg]
[www.serefconcept.com/img/product/b/IMGL2967.jpg]
[www.serefconcept.com/img/product/b/IMGL0290.jpg]
[www.serefconcept.com/img/product/b/IMGL0286.jpg]
[www.serefconcept.com/img/product/b/IMGL0295.jpg]
[www.serefconcept.com/img/product/b/IMGL0297.jpg]
[www.serefconcept.com/img/product/b/IMGL0298.jpg]
[www.serefconcept.com/img/product/b/IMGL0299.jpg]
[www.serefconcept.com/img/product/b/IMGL0300.jpg]
[www.serefconcept.com/img/product/b/IMGL0311.jpg]
[www.serefconcept.com/img/product/b/IMGL0271.jpg]
[www.serefconcept.com/img/product/b/IMGL0272.jpg]
[www.serefconcept.com/img/product/b/IMGL1068.jpg]
[www.serefconcept.com/img/product/b/IMGL1071.jpg]
[www.serefconcept.com/img/product/b/IMGL1072.jpg]
[www.serefconcept.com/img/product/b/IMGL1075.jpg]
[www.serefconcept.com/img/product/b/IMGL1076.jpg]
[www.serefconcept.com/img/product/b/IMGL1077.jpg]
[www.serefconcept.com/img/product/b/IMGL1078.jpg]
[www.serefconcept.com/img/product/b/IMGL1079.jpg]
[www.serefconcept.com/img/product/b/IMGL1043.jpg]
[www.serefconcept.com/img/product/b/IMGL1051.jpg]
[www.serefconcept.com/img/product/b/IMGL1052.jpg]
[www.serefconcept.com/img/product/b/IMGL1053.jpg]
[www.serefconcept.com/img/product/b/IMGL1056.jpg]
[www.serefconcept.com/img/product/b/IMGL1057.jpg]
[www.serefconcept.com/img/product/b/IMGL1058.jpg]
[www.serefconcept.com/img/product/b/IMGL1070.jpg]
[www.serefconcept.com/img/product/b/IMGL0978.jpg]
[www.serefconcept.com/img/product/b/IMGL0962.jpg]
[www.serefconcept.com/img/product/b/IMGL0963.jpg]
[www.serefconcept.com/img/product/b/IMGL0979.jpg]
[www.serefconcept.com/img/product/b/IMGL0980.jpg]
[www.serefconcept.com/img/product/b/IMGL0981.jpg]
[www.serefconcept.com/img/product/b/IMGL0982.jpg]
[www.serefconcept.com/img/product/b/IMGL0984.jpg]
[www.serefconcept.com/img/product/b/IMGL0985.jpg]
[www.serefconcept.com/img/product/b/IMGL0986.jpg]
[www.serefconcept.com/img/product/b/IMGL0987.jpg]
[www.serefconcept.com/img/product/b/IMGL0988.jpg]
[www.serefconcept.com/img/product/b/IMGL0965.jpg]
[www.serefconcept.com/img/product/b/IMGL0966.jpg]
[www.serefconcept.com/img/product/b/IMGL0967.jpg]
[www.serefconcept.com/img/product/b/IMGL2773.jpg]
[www.serefconcept.com/img/product/b/IMGL2748.jpg]
[www.serefconcept.com/img/product/b/IMGL2749.jpg]
[www.serefconcept.com/img/product/b/IMGL2774.jpg]
[www.serefconcept.com/img/product/b/IMGL2775.jpg]
[www.serefconcept.com/img/product/b/IMGL2776.jpg]
[www.serefconcept.com/img/product/b/IMGL2777.jpg]
[www.serefconcept.com/img/product/b/IMGL2778.jpg]
[www.serefconcept.com/img/product/b/IMGL2779.jpg]
[www.serefconcept.com/img/product/b/IMGL2780.jpg]
[www.serefconcept.com/img/product/b/IMGL2785.jpg]
[www.serefconcept.com/img/product/b/IMGL2786.jpg]
[www.serefconcept.com/img/product/b/IMGL2787.jpg]
[www.serefconcept.com/img/product/b/IMGL2788.jpg]
[www.serefconcept.com/img/product/b/IMGL2790.jpg]
[www.serefconcept.com/img/product/b/IMGL2791.jpg]
[www.serefconcept.com/img/product/b/IMGL2794.jpg]
[www.serefconcept.com/img/product/b/IMGL2796.jpg]
[www.serefconcept.com/img/product/b/IMGL2798.jpg]
[www.serefconcept.com/img/product/b/IMGL2799.jpg]
[www.serefconcept.com/img/product/b/IMGL2897.jpg]
[www.serefconcept.com/img/product/b/IMGL2892.jpg]
[www.serefconcept.com/img/product/b/IMGL2895.jpg]
[www.serefconcept.com/img/product/b/IMGL2898.jpg]
[www.serefconcept.com/img/product/b/IMGL2899.jpg]
[www.serefconcept.com/img/product/b/IMGL2900.jpg]
[www.serefconcept.com/img/product/b/IMGL2903.jpg]
[www.serefconcept.com/img/product/b/WhatsApp-Image-2020-01-29-at-10.18.13-1.jpeg]
[www.serefconcept.com/img/product/b/WhatsApp-Image-2020-01-29-at-10.18.14.jpeg]
[www.serefconcept.com/img/product/b/WhatsApp-Image-2020-01-29-at-10.18.16.jpeg]
[www.serefconcept.com/img/product/b/WhatsApp-Image-2020-01-29-at-10.18.16-1.jpeg]
[www.serefconcept.com/img/product/b/KIRP2_2.jpg]
[www.serefconcept.com/img/product/b/WhatsApp-Image-2020-08-19-at-15.12.50.jpeg]
[www.serefconcept.com/img/product/b/WhatsApp-Image-2020-11-28-at-09.59.03.jpeg]
[www.serefconcept.com/img/product/b/ravello-1.jpeg]
[www.serefconcept.com/img/product/b/ravello-2.jpeg]
[www.serefconcept.com/img/product/b/milano-1.jpeg]
[www.serefconcept.com/img/product/b/milano-2.jpeg]
[www.serefconcept.com/img/product/b/WhatsApp-Image-2022-04-18-at-14.41.10.jpeg]
[www.serefconcept.com/img/product/b/WhatsApp-Image-2022-04-18-at-14.49.33.jpeg]
[www.serefconcept.com/img/product/b/WhatsApp-Image-2022-04-18-at-14.49.26.jpeg]
[www.serefconcept.com/img/product/b/WhatsApp-Image-2022-04-18-at-14.49.08.jpeg]
[www.serefconcept.com/img/product/b/WhatsApp-Image-2022-04-18-at-14.48.59.jpeg]
[www.serefconcept.com/img/product/b/WhatsApp-Image-2022-04-18-at-14.48.50-1.jpeg]
[www.serefconcept.com/img/product/b/WhatsApp-Image-2022-04-18-at-14.48.50.jpeg]
[www.serefconcept.com/img/product/b/WhatsApp-Image-2022-04-18-at-14.54.34.jpeg]
[www.serefconcept.com/img/product/b/WhatsApp-Image-2022-04-18-at-14.54.19.jpeg]
[www.serefconcept.com/img/product/b/WhatsApp-Image-2022-04-18-at-14.54.08.jpeg]
[www.serefconcept.com/img/product/b/WhatsApp-Image-2022-04-18-at-14.53.58.jpeg]
[www.serefconcept.com/img/product/b/WhatsApp-Image-2022-04-18-at-14.53.49.jpeg]
[www.serefconcept.com/img/product/b/WhatsApp-Image-2022-04-18-at-15.03.33-1.jpeg]
[www.serefconcept.com/img/product/b/WhatsApp-Image-2022-04-18-at-18.31.38-11.jpeg]
[www.serefconcept.com/img/product/b/WhatsApp-Image-2022-04-18-at-18.33.24-6.jpeg]
[www.serefconcept.com/img/product/b/WhatsApp-Image-2022-04-18-at-18.31.38-5.jpeg]
[www.serefconcept.com/img/product/b/WhatsApp-Image-2022-04-18-at-18.31.38-4.jpeg]
[www.serefconcept.com/img/product/b/WhatsApp-Image-2022-04-18-at-18.31.38.jpeg]
[www.serefconcept.com/img/product/b/şeref-2.jpeg]
[www.serefconcept.com/img/product/b/şeref-koltuk.jpeg]
[www.serefconcept.com/img/product/b/WhatsApp-Image-2022-05-07-at-12.18.49-1.jpeg]
[www.serefconcept.com/img/product/b/WhatsApp-Image-2022-05-07-at-12.18.50-1.jpeg]
[www.serefconcept.com/img/product/b/WhatsApp-Image-2022-05-07-at-12.18.50.jpeg]
[www.serefconcept.com/img/product/b/WhatsApp-Image-2022-05-07-at-12.18.51.jpeg]
[www.serefconcept.com/img/product/b/WhatsApp-Image-2020-01-29-at-10.18.04.jpeg]
[www.serefconcept.com/img/product/b/WhatsApp-Image-2020-01-29-at-10.18.06-1.jpeg]
[www.serefconcept.com/img/product/b/WhatsApp-Image-2020-01-29-at-10.18.12.jpeg]
[www.serefconcept.com/img/product/b/Classic-Furniture-Klasik-mobilya33.jpg]
[www.serefconcept.com/img/product/b/Classic-Furniture-Klasik-mobilya31.jpg]
[www.serefconcept.com/img/product/b/Classic-Furniture-Klasik-mobilya32.jpg]
[www.serefconcept.com/img/product/b/Classic-Furniture-Klasik-mobilya34.jpg]
[www.serefconcept.com/img/product/b/Classic-Furniture-Klasik-mobilya35.jpg]
[www.serefconcept.com/img/product/b/Classic-Furniture-Klasik-mobilya36.jpg]
[www.serefconcept.com/img/product/b/Nakış-seref-concept-klasik-mobilya-classic-furniture23.jpg]
[www.serefconcept.com/img/product/b/Nakış-seref-concept-klasik-mobilya-classic-furniture15.jpg]
[www.serefconcept.com/img/product/b/Nakış-seref-concept-klasik-mobilya-classic-furniture16.jpg]
[www.serefconcept.com/img/product/b/Nakış-seref-concept-klasik-mobilya-classic-furniture17.jpg]
[www.serefconcept.com/img/product/b/Nakış-seref-concept-klasik-mobilya-classic-furniture18.jpg]
[www.serefconcept.com/img/product/b/Nakış-seref-concept-klasik-mobilya-classic-furniture19.jpg]
[www.serefconcept.com/img/product/b/Nakış-seref-concept-klasik-mobilya-classic-furniture20.jpg]
[www.serefconcept.com/img/product/b/Nakış-seref-concept-klasik-mobilya-classic-furniture21.jpg]
[www.serefconcept.com/img/product/b/Nazende-seref-concept-klasik-mobilya-classic-furniture.jpg]
[www.serefconcept.com/img/product/b/Nazende-seref-concept-klasik-mobilya-classic-furniture2.jpg]
[www.serefconcept.com/img/product/b/Nazende-seref-concept-klasik-mobilya-classic-furniture3.jpg]
[www.serefconcept.com/img/product/b/Nazende-seref-concept-klasik-mobilya-classic-furniture6.jpg]
[www.serefconcept.com/img/product/b/Nazende-seref-concept-klasik-mobilya-classic-furniture11.jpg]
[www.serefconcept.com/img/product/b/Nazende-seref-concept-klasik-mobilya-classic-furniture12.jpg]
[www.serefconcept.com/img/product/b/Nazende-seref-concept-klasik-mobilya-classic-furniture14.jpg]
[www.serefconcept.com/img/product/b/Nazende-seref-concept-klasik-mobilya-classic-furniture9.jpg]
[www.serefconcept.com/img/product/b/Nazende-seref-concept-klasik-mobilya-classic-furniture10.jpg]
[www.serefconcept.com/img/product/b/Nazende-seref-concept-klasik-mobilya-classic-furniture11_1.jpg]
[www.serefconcept.com/img/product/b/Nazende-seref-concept-klasik-mobilya-classic-furniture15.jpg]
[www.serefconcept.com/img/product/b/Lagos-seref-concept-klasik-mobilya-classic-furniture8.jpg]
[www.serefconcept.com/img/product/b/Lagos-seref-concept-klasik-mobilya-classic-furniture9.jpg]
[www.serefconcept.com/img/product/b/Lagos-seref-concept-klasik-mobilya-classic-furniture10.jpg]
[www.serefconcept.com/img/product/b/Lagos-seref-concept-klasik-mobilya-classic-furniture11.jpg]
[www.serefconcept.com/img/product/b/Lagos-seref-concept-klasik-mobilya-classic-furniture12.jpg]
[www.serefconcept.com/img/product/b/Lagos-seref-concept-klasik-mobilya-classic-furniture13.jpg]
[www.serefconcept.com/img/product/b/Lagos-seref-concept-klasik-mobilya-classic-furniture17.jpg]
[www.serefconcept.com/img/product/b/Lagos-seref-concept-klasik-mobilya-classic-furniture18.jpg]
[www.serefconcept.com/img/product/b/Lagos-seref-concept-klasik-mobilya-classic-furniture21.jpg]
[www.serefconcept.com/img/product/b/Lagos-seref-concept-klasik-mobilya-classic-furniture22.jpg]
[www.serefconcept.com/img/product/b/Nazende-seref-concept-klasik-mobilya-classic-furniture39.jpg]
[www.serefconcept.com/img/product/b/Nazende-seref-concept-klasik-mobilya-classic-furniture40.jpg]
[www.serefconcept.com/img/product/b/Nazende-seref-concept-klasik-mobilya-classic-furniture41.jpg]
[www.serefconcept.com/img/product/b/Nazende-seref-concept-klasik-mobilya-classic-furniture42.jpg]
[www.serefconcept.com/img/product/b/Nazende-seref-concept-klasik-mobilya-classic-furniture44.jpg]
[www.serefconcept.com/img/product/b/Nazende-seref-concept-klasik-mobilya-classic-furniture45.jpg]
[www.serefconcept.com/img/product/b/Nazende-seref-concept-klasik-mobilya-classic-furniture46.jpg]
[www.serefconcept.com/img/product/b/Nazende-seref-concept-klasik-mobilya-classic-furniture47.jpg]
[www.serefconcept.com/img/product/b/Nazende-seref-concept-klasik-mobilya-classic-furniture48.jpg]
[www.serefconcept.com/img/product/b/Nazende-seref-concept-klasik-mobilya-classic-furniture51.jpg]
[www.serefconcept.com/img/product/b/Nazende-seref-concept-klasik-mobilya-classic-furniture52.jpg]
[www.serefconcept.com/img/product/b/Nazende-seref-concept-klasik-mobilya-classic-furniture53.jpg]
[www.serefconcept.com/img/product/b/Payidar-seref-concept-klasik-mobilya-classic-furniture.jpg]
[www.serefconcept.com/img/product/b/Payidar-seref-concept-klasik-mobilya-classic-furniture2.jpg]
[www.serefconcept.com/img/product/b/Payidar-seref-concept-klasik-mobilya-classic-furniture3.jpg]
[www.serefconcept.com/img/product/b/Payidar-seref-concept-klasik-mobilya-classic-furniture4.jpg]
[www.serefconcept.com/img/product/b/Payidar-seref-concept-klasik-mobilya-classic-furniture5.jpg]
[www.serefconcept.com/img/product/b/Payidar-seref-concept-klasik-mobilya-classic-furniture6.jpg]
[www.serefconcept.com/img/product/b/Payidar-seref-concept-klasik-mobilya-classic-furniture9.jpg]
[www.serefconcept.com/img/product/b/Payidar-seref-concept-klasik-mobilya-classic-furniture13.jpg]
[www.serefconcept.com/img/product/b/Payidar-seref-concept-klasik-mobilya-classic-furniture14.jpg]
[www.serefconcept.com/img/product/b/Payidar-seref-concept-klasik-mobilya-classic-furniture15.jpg]
[www.serefconcept.com/img/product/b/IMGL0346.jpg]
[www.serefconcept.com/img/product/b/IMGL0347.jpg]
[www.serefconcept.com/img/product/b/IMGL0348.jpg]
[www.serefconcept.com/img/product/b/IMGL0349.jpg]
[www.serefconcept.com/img/product/b/IMGL0350.jpg]
[www.serefconcept.com/img/product/b/IMGL0351.jpg]
[www.serefconcept.com/img/product/b/IMGL0352.jpg]
[www.serefconcept.com/img/product/b/IMGL0358.jpg]
[www.serefconcept.com/img/product/b/IMGL0359.jpg]
[www.serefconcept.com/img/product/b/IMGL0360.jpg]
[www.serefconcept.com/img/product/b/IMGL0362.jpg]
[www.serefconcept.com/img/product/b/IMGL0364.jpg]
[www.serefconcept.com/img/product/b/IMGL0365.jpg]
[www.serefconcept.com/img/product/b/IMGL0367.jpg]
[www.serefconcept.com/img/product/b/IMGL0368.jpg]
[www.serefconcept.com/img/product/b/IMGL0369.jpg]
[www.serefconcept.com/img/product/b/IMGL0371.jpg]
[www.serefconcept.com/img/product/b/IMGL0372.jpg]
[www.serefconcept.com/img/product/b/IMGL0373.jpg]
[www.serefconcept.com/img/product/b/IMGL0375.jpg]
[www.serefconcept.com/img/product/b/IMGL1092.jpg]
[www.serefconcept.com/img/product/b/IMGL1093.jpg]
[www.serefconcept.com/img/product/b/IMGL1094.jpg]
[www.serefconcept.com/img/product/b/IMGL1095_1.jpg]
[www.serefconcept.com/img/product/b/IMGL1097_1.jpg]
[www.serefconcept.com/img/product/b/IMGL1098_1.jpg]
[www.serefconcept.com/img/product/b/IMGL1099_1.jpg]
[www.serefconcept.com/img/product/b/IMGL1094_1.jpg]
[www.serefconcept.com/img/product/b/IMGL1095_2.jpg]
[www.serefconcept.com/img/product/b/IMGL1111.jpg]
[www.serefconcept.com/img/product/b/IMGL1116.jpg]
[www.serefconcept.com/img/product/b/IMGL1117.jpg]
[www.serefconcept.com/img/product/b/IMGL1118.jpg]
[www.serefconcept.com/img/product/b/IMGL1119.jpg]
[www.serefconcept.com/img/product/b/IMGL1126.jpg]
[www.serefconcept.com/img/product/b/IMGL2976.jpg]
[www.serefconcept.com/img/product/b/IMGL2985.jpg]
[www.serefconcept.com/img/product/b/IMGL2986.jpg]
[www.serefconcept.com/img/product/b/IMGL2987.jpg]
[www.serefconcept.com/img/product/b/IMGL2995.jpg]
[www.serefconcept.com/img/product/b/IMGL2997.jpg]
[www.serefconcept.com/img/product/b/IMGL2999.jpg]
[www.serefconcept.com/img/product/b/IMGL3001.jpg]
[www.serefconcept.com/img/product/b/IMGL2989.jpg]
[www.serefconcept.com/img/product/b/IMGL2990.jpg]
[www.serefconcept.com/img/product/b/IMGL2991.jpg]
[www.serefconcept.com/img/product/b/IMGL2993.jpg]
[www.serefconcept.com/img/product/b/IMGL2994.jpg]
[www.serefconcept.com/img/product/b/IMGL2978.jpg]
[www.serefconcept.com/img/product/b/IMGL2979.jpg]
[www.serefconcept.com/img/product/b/IMGL2980.jpg]
[www.serefconcept.com/img/product/b/IMGL2981.jpg]
[www.serefconcept.com/img/product/b/IMGL2982.jpg]
[www.serefconcept.com/img/product/b/IMGL0313.jpg]
[www.serefconcept.com/img/product/b/IMGL0314.jpg]
[www.serefconcept.com/img/product/b/IMGL0315.jpg]
[www.serefconcept.com/img/product/b/IMGL0316.jpg]
[www.serefconcept.com/img/product/b/IMGL0318.jpg]
[www.serefconcept.com/img/product/b/IMGL0319.jpg]
[www.serefconcept.com/img/product/b/IMGL0320.jpg]
[www.serefconcept.com/img/product/b/IMGL0323.jpg]
[www.serefconcept.com/img/product/b/IMGL0324.jpg]
[www.serefconcept.com/img/product/b/IMGL0325.jpg]
[www.serefconcept.com/img/product/b/IMGL0327.jpg]
[www.serefconcept.com/img/product/b/IMGL0328.jpg]
[www.serefconcept.com/img/product/b/IMGL0329.jpg]
[www.serefconcept.com/img/product/b/IMGL0330.jpg]
[www.serefconcept.com/img/product/b/IMGL0331.jpg]
[www.serefconcept.com/img/product/b/IMGL0332.jpg]
[www.serefconcept.com/img/product/b/IMGL0337.jpg]
[www.serefconcept.com/img/product/b/IMGL0338.jpg]
[www.serefconcept.com/img/product/b/IMGL0339.jpg]
[www.serefconcept.com/img/product/b/IMGL1006.jpg]
[www.serefconcept.com/img/product/b/IMGL1008.jpg]
[www.serefconcept.com/img/product/b/IMGL1009.jpg]
[www.serefconcept.com/img/product/b/IMGL1010.jpg]
[www.serefconcept.com/img/product/b/IMGL1011.jpg]
[www.serefconcept.com/img/product/b/IMGL1012.jpg]
[www.serefconcept.com/img/product/b/IMGL1014.jpg]
[www.serefconcept.com/img/product/b/IMGL1015.jpg]
[www.serefconcept.com/img/product/b/IMGL1016.jpg]
[www.serefconcept.com/img/product/b/IMGL1017.jpg]
[www.serefconcept.com/img/product/b/IMGL1018.jpg]
[www.serefconcept.com/img/product/b/IMGL1019.jpg]
[www.serefconcept.com/img/product/b/IMGL1020.jpg]
[www.serefconcept.com/img/product/b/IMGL1021.jpg]
[www.serefconcept.com/img/product/b/IMGL1023.jpg]
[www.serefconcept.com/img/product/b/IMGL1024.jpg]
[www.serefconcept.com/img/product/b/IMGL1024_1.jpg]
[www.serefconcept.com/img/product/b/IMGL1026.jpg]
[www.serefconcept.com/img/product/b/IMGL1030.jpg]
[www.serefconcept.com/img/product/b/IMGL1034.jpg]
[www.serefconcept.com/img/product/b/IMGL0904.jpg]
[www.serefconcept.com/img/product/b/IMGL0906.jpg]
[www.serefconcept.com/img/product/b/IMGL0907.jpg]
[www.serefconcept.com/img/product/b/IMGL0909.jpg]
[www.serefconcept.com/img/product/b/IMGL0910.jpg]
[www.serefconcept.com/img/product/b/IMGL0914.jpg]
[www.serefconcept.com/img/product/b/IMGL0915.jpg]
[www.serefconcept.com/img/product/b/IMGL0917.jpg]
[www.serefconcept.com/img/product/b/IMGL0918.jpg]
[www.serefconcept.com/img/product/b/IMGL0919.jpg]
[www.serefconcept.com/img/product/b/IMGL0920.jpg]
[www.serefconcept.com/img/product/b/IMGL0922.jpg]
[www.serefconcept.com/img/product/b/IMGL0924.jpg]
[www.serefconcept.com/img/product/b/IMGL0925.jpg]
[www.serefconcept.com/img/product/b/IMGL0930.jpg]
[www.serefconcept.com/img/product/b/IMGL0931.jpg]
[www.serefconcept.com/img/product/b/IMGL0934.jpg]
[www.serefconcept.com/img/product/b/IMGL0935.jpg]
[www.serefconcept.com/img/product/b/IMGL0937.jpg]
[www.serefconcept.com/img/product/b/IMGL2808.jpg]
[www.serefconcept.com/img/product/b/IMGL2810.jpg]
[www.serefconcept.com/img/product/b/IMGL2812.jpg]
[www.serefconcept.com/img/product/b/IMGL2814.jpg]
[www.serefconcept.com/img/product/b/IMGL2817.jpg]
[www.serefconcept.com/img/product/b/IMGL2819.jpg]
[www.serefconcept.com/img/product/b/IMGL2820.jpg]
[www.serefconcept.com/img/product/b/IMGL2822.jpg]
[www.serefconcept.com/img/product/b/IMGL2823.jpg]
[www.serefconcept.com/img/product/b/IMGL2826.jpg]
[www.serefconcept.com/img/product/b/IMGL2827.jpg]
[www.serefconcept.com/img/product/b/IMGL2829.jpg]
[www.serefconcept.com/img/product/b/IMGL2830.jpg]
[www.serefconcept.com/img/product/b/IMGL2833.jpg]
[www.serefconcept.com/img/product/b/IMGL2835.jpg]
[www.serefconcept.com/img/product/b/IMGL0520.jpg]
[www.serefconcept.com/img/product/b/IMGL0522.jpg]
[www.serefconcept.com/img/product/b/IMGL0524.jpg]
[www.serefconcept.com/img/product/b/IMGL0525.jpg]
[www.serefconcept.com/img/product/b/IMGL0526.jpg]
[www.serefconcept.com/img/product/b/IMGL0529.jpg]
[www.serefconcept.com/img/product/b/IMGL0530.jpg]
[www.serefconcept.com/img/product/b/IMGL0531.jpg]
[www.serefconcept.com/img/product/b/IMGL0532.jpg]
[www.serefconcept.com/img/product/b/IMGL0535.jpg]
[www.serefconcept.com/img/product/b/IMGL0536.jpg]
[www.serefconcept.com/img/product/b/IMGL0538.jpg]
[www.serefconcept.com/img/product/b/IMGL0539.jpg]
[www.serefconcept.com/img/product/b/IMGL0540.jpg]
[www.serefconcept.com/img/product/b/IMGL0541.jpg]
[www.serefconcept.com/img/product/b/IMGL0542.jpg]
[www.serefconcept.com/img/product/b/IMGL0543.jpg]
[www.serefconcept.com/img/product/b/IMGL0545.jpg]
[www.serefconcept.com/img/product/b/IMGL0549.jpg]
[www.serefconcept.com/img/product/b/IMGL2917.jpg]
[www.serefconcept.com/img/product/b/IMGL2919.jpg]
[www.serefconcept.com/img/product/b/IMGL2920.jpg]
[www.serefconcept.com/img/product/b/IMGL2924.jpg]
[www.serefconcept.com/img/product/b/IMGL2925.jpg]
[www.serefconcept.com/img/product/b/IMGL2926.jpg]
[www.serefconcept.com/img/product/b/IMGL2927.jpg]
[www.serefconcept.com/img/product/b/IMGL2920_1.jpg]
[www.serefconcept.com/img/product/b/IMGL2921.jpg]
[www.serefconcept.com/img/product/b/IMGL2922.jpg]
[www.serefconcept.com/img/product/b/IMGL2923.jpg]
[www.serefconcept.com/img/product/b/IMGL2928.jpg]
[www.serefconcept.com/img/product/b/IMGL2929.jpg]
[www.serefconcept.com/img/product/b/IMGL2930.jpg]
[www.serefconcept.com/img/product/b/IMGL2934.jpg]
[www.serefconcept.com/img/product/b/WhatsApp-Image-2020-01-29-at-10.18.13.jpeg]
[www.serefconcept.com/img/product/b/SANDALYE.jpg]
[www.serefconcept.com/img/product/b/WhatsApp-Image-2020-01-29-at-10.18.14-1.jpeg]
[www.serefconcept.com/img/product/b/WhatsApp-Image-2020-01-29-at-10.18.15.jpeg]
[www.serefconcept.com/img/product/b/WhatsApp-Image-2020-01-29-at-10.18.17.jpeg]
[www.serefconcept.com/img/product/b/WhatsApp-Image-2020-06-28-at-13.07.30.jpeg]
[www.serefconcept.com/img/product/b/ravello-4.jpeg]
[www.serefconcept.com/img/product/b/milano-3.jpeg]
[www.serefconcept.com/img/product/b/MASA.jpg]
[www.serefconcept.com/img/product/b/MASA_1.jpg]
[www.serefconcept.com/img/product/b/milano-5.jpeg]
[www.serefconcept.com/img/product/b/WhatsApp-Image-2022-04-18-at-15.01.06-2.jpeg]
[www.serefconcept.com/img/product/b/WhatsApp-Image-2022-04-18-at-15.03.19-3.jpeg]
[www.serefconcept.com/img/product/b/WhatsApp-Image-2022-04-18-at-15.03.19-2.jpeg]
[www.serefconcept.com/img/product/b/WhatsApp-Image-2022-04-18-at-15.03.19-1.jpeg]
[www.serefconcept.com/img/product/b/WhatsApp-Image-2022-04-18-at-15.03.19.jpeg]
[www.serefconcept.com/img/product/b/WhatsApp-Image-2022-04-18-at-15.03.06-9.jpeg]
[www.serefconcept.com/img/product/b/WhatsApp-Image-2022-04-18-at-15.03.06-8.jpeg]
[www.serefconcept.com/img/product/b/WhatsApp-Image-2022-04-18-at-15.03.06-7.jpeg]
[www.serefconcept.com/img/product/b/WhatsApp-Image-2022-04-18-at-15.03.06-6.jpeg]
[www.serefconcept.com/img/product/b/WhatsApp-Image-2022-04-18-at-15.03.06-5.jpeg]
[www.serefconcept.com/img/product/b/WhatsApp-Image-2022-04-18-at-15.03.06-4.jpeg]
[www.serefconcept.com/img/product/b/WhatsApp-Image-2022-04-18-at-15.03.06-1.jpeg]
[www.serefconcept.com/img/product/b/WhatsApp-Image-2022-04-18-at-15.03.06.jpeg]
[www.serefconcept.com/img/product/b/WhatsApp-Image-2022-04-18-at-15.02.41-4.jpeg]
[www.serefconcept.com/img/product/b/WhatsApp-Image-2022-04-18-at-15.01.06-1.jpeg]
[www.serefconcept.com/img/product/b/WhatsApp-Image-2022-04-18-at-15.01.06.jpeg]
[www.serefconcept.com/img/product/b/WhatsApp-Image-2022-04-18-at-18.33.24-10.jpeg]
[www.serefconcept.com/img/product/b/WhatsApp-Image-2022-04-18-at-18.34.49-15.jpeg]
[www.serefconcept.com/img/product/b/WhatsApp-Image-2022-04-18-at-18.34.49-14.jpeg]
[www.serefconcept.com/img/product/b/WhatsApp-Image-2022-04-18-at-18.34.49-13.jpeg]
[www.serefconcept.com/img/product/b/WhatsApp-Image-2022-04-18-at-18.34.49-12.jpeg]
[www.serefconcept.com/img/product/b/WhatsApp-Image-2022-04-18-at-18.34.49-11.jpeg]
[www.serefconcept.com/img/product/b/WhatsApp-Image-2022-04-18-at-18.34.49-10.jpeg]
[www.serefconcept.com/img/product/b/WhatsApp-Image-2022-04-18-at-18.34.49-9.jpeg]
[www.serefconcept.com/img/product/b/WhatsApp-Image-2022-04-18-at-18.34.49-8.jpeg]
[www.serefconcept.com/img/product/b/WhatsApp-Image-2022-04-18-at-18.34.49-7.jpeg]
[www.serefconcept.com/img/product/b/WhatsApp-Image-2022-04-18-at-18.34.49-4.jpeg]
[www.serefconcept.com/img/product/b/WhatsApp-Image-2022-04-18-at-18.34.49-3.jpeg]
[www.serefconcept.com/img/product/b/WhatsApp-Image-2022-04-18-at-18.34.49-2.jpeg]
[www.serefconcept.com/img/product/b/WhatsApp-Image-2022-04-18-at-18.34.49-1.jpeg]
[www.serefconcept.com/img/product/b/WhatsApp-Image-2022-04-18-at-18.33.24-5.jpeg]
[www.serefconcept.com/img/product/b/WhatsApp-Image-2022-04-18-at-18.33.24-4.jpeg]
[www.serefconcept.com/img/product/b/WhatsApp-Image-2022-04-18-at-18.33.24-3.jpeg]
[www.serefconcept.com/img/product/b/WhatsApp-Image-2022-04-18-at-18.33.24-2.jpeg]
[www.serefconcept.com/img/product/b/WhatsApp-Image-2022-04-18-at-18.34.49-6.jpeg]
[www.serefconcept.com/img/product/b/şeref-1.jpeg]
[www.serefconcept.com/img/product/b/şeref-MASA-SANDALYE.jpg]
[www.serefconcept.com/img/product/b/WhatsApp-Image-2020-01-29-at-10.18.11-1.jpeg]
[www.serefconcept.com/img/product/b/WhatsApp-Image-2020-01-29-at-10.18.03.jpeg]
[www.serefconcept.com/img/product/b/WhatsApp-Image-2020-01-29-at-10.18.05_1.jpeg]
[www.serefconcept.com/img/product/b/WhatsApp-Image-2020-01-29-at-10.18.06.jpeg]
[www.serefconcept.com/img/product/b/WhatsApp-Image-2020-01-29-at-10.18.11.jpeg]
[www.serefconcept.com/img/product/b/IMGL0214.jpg]
[www.serefconcept.com/img/product/b/IMGL0221.jpg]
[www.serefconcept.com/img/product/b/IMGL0229.jpg]
[www.serefconcept.com/img/product/b/IMGL0230.jpg]
[www.serefconcept.com/img/product/b/IMGL0232.jpg]
[www.serefconcept.com/img/product/b/IMGL0267.jpg]
[www.serefconcept.com/img/product/b/IMGL0238.jpg]
[www.serefconcept.com/img/product/b/IMGL0241.jpg]
[www.serefconcept.com/img/product/b/IMGL0242.jpg]
[www.serefconcept.com/img/product/b/IMGL0263.jpg]
[www.serefconcept.com/img/product/b/IMGL0264.jpg]
[www.serefconcept.com/img/product/b/IMGL0243.jpg]
[www.serefconcept.com/img/product/b/IMGL0266.jpg]
[www.serefconcept.com/img/product/b/IMGL0269.jpg]
[www.serefconcept.com/img/product/b/IMGL0560.jpg]
[www.serefconcept.com/img/product/b/IMGL0563.jpg]
[www.serefconcept.com/img/product/b/IMGL0564.jpg]
[www.serefconcept.com/img/product/b/IMGL0565.jpg]
[www.serefconcept.com/img/product/b/IMGL0566.jpg]
[www.serefconcept.com/img/product/b/IMGL0567.jpg]
[www.serefconcept.com/img/product/b/IMGL0568.jpg]
[www.serefconcept.com/img/product/b/IMGL0572.jpg]
[www.serefconcept.com/img/product/b/IMGL0575.jpg]
[www.serefconcept.com/img/product/b/IMGL0576.jpg]
[www.serefconcept.com/img/product/b/IMGL0577.jpg]
[www.serefconcept.com/img/product/b/IMGL0578.jpg]
[www.serefconcept.com/img/product/b/IMGL0579.jpg]
[www.serefconcept.com/img/product/b/IMGL0581.jpg]
[www.serefconcept.com/img/product/b/IMGL0583.jpg]
[www.serefconcept.com/img/product/b/IMGL0584.jpg]
[www.serefconcept.com/img/product/b/IMGL0585.jpg]
[www.serefconcept.com/img/product/b/IMGL0586.jpg]
[www.serefconcept.com/img/product/b/IMGL0452.jpg]
[www.serefconcept.com/img/product/b/IMGL0454.jpg]
[www.serefconcept.com/img/product/b/IMGL0455.jpg]
[www.serefconcept.com/img/product/b/IMGL0456.jpg]
[www.serefconcept.com/img/product/b/IMGL0457.jpg]
[www.serefconcept.com/img/product/b/IMGL0458.jpg]
[www.serefconcept.com/img/product/b/IMGL0459.jpg]
[www.serefconcept.com/img/product/b/IMGL0460.jpg]
[www.serefconcept.com/img/product/b/IMGL0461.jpg]
[www.serefconcept.com/img/product/b/IMGL0464.jpg]
[www.serefconcept.com/img/product/b/IMGL0466.jpg]
[www.serefconcept.com/img/product/b/IMGL0467.jpg]
[www.serefconcept.com/img/product/b/IMGL0471.jpg]
[www.serefconcept.com/img/product/b/IMGL0472.jpg]
[www.serefconcept.com/img/product/b/IMGL0473.jpg]
[www.serefconcept.com/img/product/b/IMGL0477.jpg]
[www.serefconcept.com/img/product/b/IMGL0478.jpg]
[www.serefconcept.com/img/product/b/IMGL0479.jpg]
[www.serefconcept.com/img/product/b/IMGL0481.jpg]
[www.serefconcept.com/img/product/b/IMGL2841.jpg]
[www.serefconcept.com/img/product/b/IMGL2845.jpg]
[www.serefconcept.com/img/product/b/IMGL2846.jpg]
[www.serefconcept.com/img/product/b/IMGL2847.jpg]
[www.serefconcept.com/img/product/b/IMGL2850.jpg]
[www.serefconcept.com/img/product/b/IMGL2851.jpg]
[www.serefconcept.com/img/product/b/IMGL2852.jpg]
[www.serefconcept.com/img/product/b/IMGL2853.jpg]
[www.serefconcept.com/img/product/b/IMGL2854.jpg]
[www.serefconcept.com/img/product/b/IMGL2855.jpg]
[www.serefconcept.com/img/product/b/IMGL2856.jpg]
[www.serefconcept.com/img/product/b/IMGL2858.jpg]
[www.serefconcept.com/img/product/b/IMGL2862.jpg]
[www.serefconcept.com/img/product/b/IMGL2863.jpg]
[www.serefconcept.com/img/product/b/IMGL2864.jpg]
[www.serefconcept.com/img/product/b/IMGL2865.jpg]
[www.serefconcept.com/img/product/b/IMGL2866.jpg]
[www.serefconcept.com/img/product/b/IMGL2868.jpg]
[www.serefconcept.com/img/product/b/IMGL2870.jpg]
[www.serefconcept.com/img/product/b/IMGL2873.jpg]
[www.serefconcept.com/img/product/b/şeref-yatak-1.jpeg]
[www.serefconcept.com/img/product/b/şeref-3.jpeg]
[www.serefconcept.com/img/product/b/şeref-4.jpeg]
[www.serefconcept.com/img/product/b/şeref-yatak-2.jpeg]
[www.serefconcept.com/img/product/b/şeref-yatak-3.jpeg]
[www.serefconcept.com/img/product/b/şeref-yatak-4.jpeg]
[www.serefconcept.com/img/product/b/hanzade-seref-concept-klasik-mobilya-classic-furniture29.jpg]
[www.serefconcept.com/img/product/b/hanzade-seref-concept-klasik-mobilya-classic-furniture28.jpg]
[www.serefconcept.com/img/product/b/IMGL5716.jpg]
[www.serefconcept.com/img/product/b/IMGL5718.jpg]
[www.serefconcept.com/img/product/b/Nakış-seref-concept-klasik-mobilya-classic-furniture13.jpg]
[www.serefconcept.com/img/product/b/Nakış-seref-concept-klasik-mobilya-classic-furniture14.jpg]
[www.serefconcept.com/img/product/b/Nazende-seref-concept-klasik-mobilya-classic-furniture8.jpg]
[www.serefconcept.com/img/product/b/Nazende-seref-concept-klasik-mobilya-classic-furniture55.jpg]
[www.serefconcept.com/img/product/b/Nazende-seref-concept-klasik-mobilya-classic-furniture7.jpg]
[www.serefconcept.com/img/product/b/Nazende-seref-concept-klasik-mobilya-classic-furniture54.jpg]
[www.serefconcept.com/img/product/b/Nazende-seref-concept-klasik-mobilya-classic-furniture55_1.jpg]
[www.serefconcept.com/img/product/b/Payidar-seref-concept-klasik-mobilya-classic-furniture19.jpg]
[www.serefconcept.com/img/product/b/Payidar-seref-concept-klasik-mobilya-classic-furniture18.jpg]
[www.serefconcept.com/img/product/b/Payidar-seref-concept-klasik-mobilya-classic-furniture20.jpg]
[www.serefconcept.com/img/product/b/IMGL1137.jpg]
[www.serefconcept.com/img/product/b/IMGL1136.jpg]
[www.serefconcept.com/img/product/b/IMGL1138.jpg]
[www.serefconcept.com/img/product/b/IMGL1139.jpg]
[www.serefconcept.com/img/product/b/IMGL1140.jpg]
[www.serefconcept.com/img/product/b/IMGL2943.jpg]
[www.serefconcept.com/img/product/b/IMGL2944.jpg]
[www.serefconcept.com/img/product/b/IMGL2945.jpg]
[www.serefconcept.com/img/product/b/IMGL0268-2.jpg]
[www.serefconcept.com/img/product/b/IMGL0275.jpg]
[www.serefconcept.com/img/product/b/IMGL1041.jpg]
[www.serefconcept.com/img/product/b/IMGL1048.jpg]
[www.serefconcept.com/img/product/b/IMGL0951.jpg]
[www.serefconcept.com/img/product/b/IMGL0952.jpg]
[www.serefconcept.com/img/product/b/IMGL0953.jpg]
[www.serefconcept.com/img/product/b/IMGL0954.jpg]
[www.serefconcept.com/img/product/b/IMGL0955.jpg]
[www.serefconcept.com/img/product/b/Nakış-seref-concept-klasik-mobilya-classic-furniture7.jpg]
[www.serefconcept.com/img/product/b/IMGL2754.jpg]
[www.serefconcept.com/img/product/b/IMGL2755.jpg]
[www.serefconcept.com/img/product/b/IMGL0487.jpg]
